[       3ms] [WARNING] Jul-30 20:01:26.796 Couldn't complete metrics measurement for start mark 'session_lifespan' @ https://a.slack-edge.com/bv1-13-br/modern.vendor.8794e31bb8903f0e.min.js:3720
[       3ms] [WARNING] Jul-30 20:01:26.796 Couldn't complete metrics measurement for start mark 'session_lifespan' @ https://a.slack-edge.com/bv1-13-br/modern.vendor.8794e31bb8903f0e.min.js:3720
[       5ms] [INFO] Jul-30 20:01:26.797 [WINDOW-UNLOADING] (T023EV54RR7) workspace handling window unloading event @ https://a.slack-edge.com/bv1-13-br/modern.vendor.8794e31bb8903f0e.min.js:3720
[     122ms] [ERROR] Access to XMLHttpRequest at 'https://slack.com/clog/track/' from origin 'https://api.slack.com' has been blocked by CORS policy: No 'Access-Control-Allow-Origin' header is present on the requested resource. @ https://api.slack.com/apps/A0BLHCTS1AT:0
[     122ms] [ERROR] Failed to load resource: net::ERR_FAILED @ https://slack.com/clog/track/:0
[     461ms] [INFO] Jul-30 20:01:27.253 [METRICS] Starting timers for metrics collection @ https://a.slack-edge.com/bv1-13-br/gantry-v2-shared.180758f5a33ab48a.min.js?cacheKey=gantry-1785429457:0
[     579ms] [INFO] Jul-30 20:01:27.372 [APP] app-settings @ https://a.slack-edge.com/bv1-13-br/gantry-v2-shared.180758f5a33ab48a.min.js?cacheKey=gantry-1785429457:0
[     579ms] [INFO] Jul-30 20:01:27.372 [DATE/TIME] 1785434487372 Thu Jul 30 2026 20:01:27 GMT+0200 (Central European Summer Time) @ https://a.slack-edge.com/bv1-13-br/gantry-v2-shared.180758f5a33ab48a.min.js?cacheKey=gantry-1785429457:0
[     580ms] [INFO] Jul-30 20:01:27.372 [VERSION] version_hash: 2c20e9621b283d2b20fb7d2ba3a3a9d6fdd110e5 @ https://a.slack-edge.com/bv1-13-br/gantry-v2-shared.180758f5a33ab48a.min.js?cacheKey=gantry-1785429457:0
[     580ms] [INFO] Jul-30 20:01:27.372 [VERSION] version_ts: 1785429457 @ https://a.slack-edge.com/bv1-13-br/gantry-v2-shared.180758f5a33ab48a.min.js?cacheKey=gantry-1785429457:0
[     580ms] [INFO] Jul-30 20:01:27.372 [VERSION] min_version_data_ts: 1722374725 @ https://a.slack-edge.com/bv1-13-br/gantry-v2-shared.180758f5a33ab48a.min.js?cacheKey=gantry-1785429457:0
[     580ms] [INFO] Jul-30 20:01:27.372 [URL] https://app.slack.com/app-settings/T023EV54RR7/A0BLHCTS1AT/socket-mode @ https://a.slack-edge.com/bv1-13-br/gantry-v2-shared.180758f5a33ab48a.min.js?cacheKey=gantry-1785429457:0
[     580ms] [INFO] Jul-30 20:01:27.373 [AUTH] Credentials are fresh (psc=1785434404, csc=1785434404) @ https://a.slack-edge.com/bv1-13-br/gantry-v2-shared.180758f5a33ab48a.min.js?cacheKey=gantry-1785429457:0
[     582ms] [INFO] Jul-30 20:01:27.374 [LOCAL-CONFIG] ingestIncomingConfig(): no incoming payload to process; current teams: T023EV54RR7:U07DB40NK51 @ https://a.slack-edge.com/bv1-13-br/gantry-v2-shared.180758f5a33ab48a.min.js?cacheKey=gantry-1785429457:0
[     582ms] [INFO] Jul-30 20:01:27.375 [BOOT] Initial team ID: T023EV54RR7 @ https://a.slack-edge.com/bv1-13-br/gantry-v2-shared.180758f5a33ab48a.min.js?cacheKey=gantry-1785429457:0
[     582ms] [INFO] Jul-30 20:01:27.375 [TRACER] Tracing is not sampled by default for this team. @ https://a.slack-edge.com/bv1-13-br/gantry-v2-shared.180758f5a33ab48a.min.js?cacheKey=gantry-1785429457:0
[     593ms] [INFO] Jul-30 20:01:27.385 [TRACER] Tracing is not sampled by default for this session. @ https://a.slack-edge.com/bv1-13-br/gantry-v2-shared.180758f5a33ab48a.min.js?cacheKey=gantry-1785429457:0
[     594ms] [INFO] Jul-30 20:01:27.386 [BOOT-QUEUE] T023EV54RR7 noversion-1785434487.385 api.features called @ https://a.slack-edge.com/bv1-13-br/gantry-v2-shared.180758f5a33ab48a.min.js?cacheKey=gantry-1785429457:0
[     594ms] [INFO] Jul-30 20:01:27.386 [BOOT-QUEUE] T023EV54RR7 noversion-1785434487.385 api.features is ENQUEUED @ https://a.slack-edge.com/bv1-13-br/gantry-v2-shared.180758f5a33ab48a.min.js?cacheKey=gantry-1785429457:0
[     594ms] [INFO] Jul-30 20:01:27.387 [BOOT-QUEUE] T023EV54RR7 noversion-1785434487.387 experiments.getByUser called @ https://a.slack-edge.com/bv1-13-br/gantry-v2-shared.180758f5a33ab48a.min.js?cacheKey=gantry-1785429457:0
[     595ms] [INFO] Jul-30 20:01:27.387 [BOOT-QUEUE] T023EV54RR7 noversion-1785434487.387 experiments.getByUser is ENQUEUED @ https://a.slack-edge.com/bv1-13-br/gantry-v2-shared.180758f5a33ab48a.min.js?cacheKey=gantry-1785429457:0
[     595ms] [INFO] Jul-30 20:01:27.387 [BOOT-QUEUE] T023EV54RR7 noversion-1785434487.387 users.prefs.get called @ https://a.slack-edge.com/bv1-13-br/gantry-v2-shared.180758f5a33ab48a.min.js?cacheKey=gantry-1785429457:0
[     595ms] [INFO] Jul-30 20:01:27.388 [BOOT-QUEUE] T023EV54RR7 noversion-1785434487.387 users.prefs.get is ENQUEUED @ https://a.slack-edge.com/bv1-13-br/gantry-v2-shared.180758f5a33ab48a.min.js?cacheKey=gantry-1785429457:0
[     595ms] [INFO] Jul-30 20:01:27.388 [BOOT-QUEUE] T023EV54RR7 noversion-1785434487.388 users.info called @ https://a.slack-edge.com/bv1-13-br/gantry-v2-shared.180758f5a33ab48a.min.js?cacheKey=gantry-1785429457:0
[     596ms] [INFO] Jul-30 20:01:27.388 [BOOT-QUEUE] T023EV54RR7 noversion-1785434487.388 users.info is ENQUEUED @ https://a.slack-edge.com/bv1-13-br/gantry-v2-shared.180758f5a33ab48a.min.js?cacheKey=gantry-1785429457:0
[     749ms] [INFO] Jul-30 20:01:27.541 [BOOT-QUEUE] T023EV54RR7 noversion-1785434487.385 api.features is ACTIVE @ https://a.slack-edge.com/bv1-13-br/gantry-v2-shared.180758f5a33ab48a.min.js?cacheKey=gantry-1785429457:0
[     749ms] [INFO] Jul-30 20:01:27.542 [BOOT-QUEUE] T023EV54RR7 noversion-1785434487.387 experiments.getByUser is ACTIVE @ https://a.slack-edge.com/bv1-13-br/gantry-v2-shared.180758f5a33ab48a.min.js?cacheKey=gantry-1785429457:0
[     750ms] [INFO] Jul-30 20:01:27.542 [BOOT-QUEUE] T023EV54RR7 noversion-1785434487.387 users.prefs.get is ACTIVE @ https://a.slack-edge.com/bv1-13-br/gantry-v2-shared.180758f5a33ab48a.min.js?cacheKey=gantry-1785429457:0
[     750ms] [INFO] Jul-30 20:01:27.543 [BOOT-QUEUE] T023EV54RR7 noversion-1785434487.388 users.info is ACTIVE @ https://a.slack-edge.com/bv1-13-br/gantry-v2-shared.180758f5a33ab48a.min.js?cacheKey=gantry-1785429457:0
[     758ms] [INFO] Jul-30 20:01:27.550 [EMOJI_TRANSLATION] Emoji translations not needed for default locale, only adding keywords @ https://a.slack-edge.com/bv1-13-br/gantry-v2-shared.180758f5a33ab48a.min.js?cacheKey=gantry-1785429457:0
[     922ms] [INFO] Jul-30 20:01:27.715 [BOOT-QUEUE] T023EV54RR7 noversion-1785434487.388 users.info is RESOLVED @ https://a.slack-edge.com/bv1-13-br/gantry-v2-shared.180758f5a33ab48a.min.js?cacheKey=gantry-1785429457:0
[     923ms] [INFO] Jul-30 20:01:27.716 [BOOT-QUEUE] T023EV54RR7 noversion-1785434487.385 api.features is RESOLVED @ https://a.slack-edge.com/bv1-13-br/gantry-v2-shared.180758f5a33ab48a.min.js?cacheKey=gantry-1785429457:0
[     954ms] [INFO] Jul-30 20:01:27.746 [BOOT-QUEUE] T023EV54RR7 noversion-1785434487.387 users.prefs.get is RESOLVED @ https://a.slack-edge.com/bv1-13-br/gantry-v2-shared.180758f5a33ab48a.min.js?cacheKey=gantry-1785429457:0
[    1044ms] [INFO] Jul-30 20:01:27.836 [BOOT-QUEUE] T023EV54RR7 noversion-1785434487.387 experiments.getByUser is RESOLVED @ https://a.slack-edge.com/bv1-13-br/gantry-v2-shared.180758f5a33ab48a.min.js?cacheKey=gantry-1785429457:0
[    2028ms] [LOG] [WD] All assets have reported back; s: 13; f: 0 @ https://app.slack.com/app-settings/T023EV54RR7/A0BLHCTS1AT/socket-mode:0
[    2053ms] [INFO] Jul-30 20:01:28.845 [UFM-MEMBERS] (T023EV54RR7) requesting U07DB40NK51 (1) @ https://a.slack-edge.com/bv1-13-br/gantry-v2-shared.180758f5a33ab48a.min.js?cacheKey=gantry-1785429457:0
[    2126ms] [INFO] Jul-30 20:01:28.848 [API-Q] (T023EV54RR7) noversion-1785434488.847 api.getFlannelHttpUrl called with reason: client-needs-valid-flannel-url @ https://a.slack-edge.com/bv1-13-br/gantry-v2-shared.180758f5a33ab48a.min.js?cacheKey=gantry-1785429457:0
[    2126ms] [INFO] Jul-30 20:01:28.918 [API-Q] (T023EV54RR7) noversion-1785434488.847 api.getFlannelHttpUrl is ENQUEUED @ https://a.slack-edge.com/bv1-13-br/gantry-v2-shared.180758f5a33ab48a.min.js?cacheKey=gantry-1785429457:0
[    2129ms] [INFO] Jul-30 20:01:28.921 [API-Q] (T023EV54RR7) noversion-1785434488.847 api.getFlannelHttpUrl is ACTIVE @ https://a.slack-edge.com/bv1-13-br/gantry-v2-shared.180758f5a33ab48a.min.js?cacheKey=gantry-1785429457:0
[    2131ms] [INFO] Jul-30 20:01:28.923 [API-Q] (T023EV54RR7) noversion-1785434488.922 developer.apps.info called with reason: fetch_app_info_by_id @ https://a.slack-edge.com/bv1-13-br/gantry-v2-shared.180758f5a33ab48a.min.js?cacheKey=gantry-1785429457:0
[    2132ms] [INFO] Jul-30 20:01:28.924 [API-Q] (T023EV54RR7) noversion-1785434488.922 developer.apps.info is ENQUEUED @ https://a.slack-edge.com/bv1-13-br/gantry-v2-shared.180758f5a33ab48a.min.js?cacheKey=gantry-1785429457:0
[    2133ms] [INFO] Jul-30 20:01:28.926 [API-Q] (T023EV54RR7) noversion-1785434488.922 developer.apps.info is ACTIVE @ https://a.slack-edge.com/bv1-13-br/gantry-v2-shared.180758f5a33ab48a.min.js?cacheKey=gantry-1785429457:0
[    2153ms] [INFO] Jul-30 20:01:28.946 [API-Q] (T023EV54RR7) noversion-1785434488.945 developer.apps.beta.info called with reason: fetch_beta_app_info_by_id @ https://a.slack-edge.com/bv1-13-br/gantry-v2-shared.180758f5a33ab48a.min.js?cacheKey=gantry-1785429457:0
[    2153ms] [INFO] Jul-30 20:01:28.946 [API-Q] (T023EV54RR7) noversion-1785434488.945 developer.apps.beta.info is ENQUEUED @ https://a.slack-edge.com/bv1-13-br/gantry-v2-shared.180758f5a33ab48a.min.js?cacheKey=gantry-1785429457:0
[    2155ms] [INFO] Jul-30 20:01:28.947 [API-Q] (T023EV54RR7) noversion-1785434488.945 developer.apps.beta.info is ACTIVE @ https://a.slack-edge.com/bv1-13-br/gantry-v2-shared.180758f5a33ab48a.min.js?cacheKey=gantry-1785429457:0
[    2155ms] [INFO] Jul-30 20:01:28.948 [UFM-APPSUBMISSIONS] (T023EV54RR7) requesting A0BLHCTS1AT (1) @ https://a.slack-edge.com/bv1-13-br/gantry-v2-shared.180758f5a33ab48a.min.js?cacheKey=gantry-1785429457:0
[    2156ms] [INFO] Jul-30 20:01:28.948 [API-Q] (T023EV54RR7) noversion-1785434488.948 developer.appdirectory.submissions.info called with reason: fetch_app_submission_info_by_id @ https://a.slack-edge.com/bv1-13-br/gantry-v2-shared.180758f5a33ab48a.min.js?cacheKey=gantry-1785429457:0
[    2157ms] [INFO] Jul-30 20:01:28.949 [API-Q] (T023EV54RR7) noversion-1785434488.948 developer.appdirectory.submissions.info is ENQUEUED @ https://a.slack-edge.com/bv1-13-br/gantry-v2-shared.180758f5a33ab48a.min.js?cacheKey=gantry-1785429457:0
[    2158ms] [INFO] Jul-30 20:01:28.950 [API-Q] (T023EV54RR7) noversion-1785434488.948 developer.appdirectory.submissions.info is ACTIVE @ https://a.slack-edge.com/bv1-13-br/gantry-v2-shared.180758f5a33ab48a.min.js?cacheKey=gantry-1785429457:0
[    2160ms] [INFO] Jul-30 20:01:28.953 [UFM-TEAMS] (T023EV54RR7) requesting T023EV54RR7 (1) @ https://a.slack-edge.com/bv1-13-br/gantry-v2-shared.180758f5a33ab48a.min.js?cacheKey=gantry-1785429457:0
[    2163ms] [INFO] Jul-30 20:01:28.955 [API-Q] (T023EV54RR7) noversion-1785434488.955 team.info called with reason: UnknownFetchManager @ https://a.slack-edge.com/bv1-13-br/gantry-v2-shared.180758f5a33ab48a.min.js?cacheKey=gantry-1785429457:0
[    2163ms] [INFO] Jul-30 20:01:28.956 [API-Q] (T023EV54RR7) noversion-1785434488.955 team.info is ENQUEUED @ https://a.slack-edge.com/bv1-13-br/gantry-v2-shared.180758f5a33ab48a.min.js?cacheKey=gantry-1785429457:0
[    2167ms] [INFO] Jul-30 20:01:28.960 [API-Q] (T023EV54RR7) noversion-1785434488.955 team.info is ACTIVE @ https://a.slack-edge.com/bv1-13-br/gantry-v2-shared.180758f5a33ab48a.min.js?cacheKey=gantry-1785429457:0
[    2264ms] [INFO] Jul-30 20:01:29.056 [API-Q] (T023EV54RR7) noversion-1785434488.847 api.getFlannelHttpUrl is RESOLVED @ https://a.slack-edge.com/bv1-13-br/gantry-v2-shared.180758f5a33ab48a.min.js?cacheKey=gantry-1785429457:0
[    2265ms] [INFO] Jul-30 20:01:29.058 [API-Q] (T023EV54RR7) noversion-1785434489.057 Flannel users/info called with reason: flannel-call:users/info @ https://a.slack-edge.com/bv1-13-br/gantry-v2-shared.180758f5a33ab48a.min.js?cacheKey=gantry-1785429457:0
[    2265ms] [INFO] Jul-30 20:01:29.058 [API-Q] (T023EV54RR7) noversion-1785434489.057 Flannel users/info is ENQUEUED @ https://a.slack-edge.com/bv1-13-br/gantry-v2-shared.180758f5a33ab48a.min.js?cacheKey=gantry-1785429457:0
[    2266ms] [INFO] Jul-30 20:01:29.058 [API-Q] (T023EV54RR7) noversion-1785434489.057 Flannel users/info is ACTIVE @ https://a.slack-edge.com/bv1-13-br/gantry-v2-shared.180758f5a33ab48a.min.js?cacheKey=gantry-1785429457:0
[    2287ms] [INFO] Jul-30 20:01:29.080 [API-Q] (T023EV54RR7) noversion-1785434489.057 Flannel users/info is RESOLVED @ https://a.slack-edge.com/bv1-13-br/gantry-v2-shared.180758f5a33ab48a.min.js?cacheKey=gantry-1785429457:0
[    2288ms] [INFO] Jul-30 20:01:29.080 [UFM-MEMBERS] (T023EV54RR7) received U07DB40NK51 (1) @ https://a.slack-edge.com/bv1-13-br/gantry-v2-shared.180758f5a33ab48a.min.js?cacheKey=gantry-1785429457:0
[    2290ms] [INFO] Jul-30 20:01:29.082 [GS_REQUEST] (T023EV54RR7) received a user_change_subscribe_request call while we are not connected; deferring @ https://a.slack-edge.com/bv1-13-br/gantry-v2-shared.180758f5a33ab48a.min.js?cacheKey=gantry-1785429457:0
[    2291ms] [INFO] Jul-30 20:01:29.083 [API-Q] (T023EV54RR7) noversion-1785434489.083 Flannel users/info called with reason: flannel-call:users/info @ https://a.slack-edge.com/bv1-13-br/gantry-v2-shared.180758f5a33ab48a.min.js?cacheKey=gantry-1785429457:0
[    2291ms] [INFO] Jul-30 20:01:29.083 [API-Q] (T023EV54RR7) noversion-1785434489.083 Flannel users/info is ENQUEUED @ https://a.slack-edge.com/bv1-13-br/gantry-v2-shared.180758f5a33ab48a.min.js?cacheKey=gantry-1785429457:0
[    2292ms] [INFO] Jul-30 20:01:29.084 [API-Q] (T023EV54RR7) noversion-1785434489.083 Flannel users/info is ACTIVE @ https://a.slack-edge.com/bv1-13-br/gantry-v2-shared.180758f5a33ab48a.min.js?cacheKey=gantry-1785429457:0
[    2300ms] [INFO] Jul-30 20:01:29.092 [API-Q] (T023EV54RR7) noversion-1785434488.945 developer.apps.beta.info is RESOLVED @ https://a.slack-edge.com/bv1-13-br/gantry-v2-shared.180758f5a33ab48a.min.js?cacheKey=gantry-1785429457:0
[    2308ms] [INFO] Jul-30 20:01:29.100 [API-Q] (T023EV54RR7) noversion-1785434488.948 developer.appdirectory.submissions.info is RESOLVED @ https://a.slack-edge.com/bv1-13-br/gantry-v2-shared.180758f5a33ab48a.min.js?cacheKey=gantry-1785429457:0
[    2308ms] [INFO] Jul-30 20:01:29.101 [UFM-APPSUBMISSIONS] (T023EV54RR7) received A0BLHCTS1AT (1) @ https://a.slack-edge.com/bv1-13-br/gantry-v2-shared.180758f5a33ab48a.min.js?cacheKey=gantry-1785429457:0
[    2310ms] [INFO] Jul-30 20:01:29.103 [API-Q] (T023EV54RR7) noversion-1785434488.955 team.info is RESOLVED @ https://a.slack-edge.com/bv1-13-br/gantry-v2-shared.180758f5a33ab48a.min.js?cacheKey=gantry-1785429457:0
[    2311ms] [INFO] Jul-30 20:01:29.103 [UFM-TEAMS] (T023EV54RR7) received T023EV54RR7 (1) @ https://a.slack-edge.com/bv1-13-br/gantry-v2-shared.180758f5a33ab48a.min.js?cacheKey=gantry-1785429457:0
[    2329ms] [INFO] Jul-30 20:01:29.121 [API-Q] (T023EV54RR7) noversion-1785434489.121 developer.apps.config.listInstalledScopes called with reason: app_config_reinstall_banner @ https://a.slack-edge.com/bv1-13-br/gantry-v2-shared.180758f5a33ab48a.min.js?cacheKey=gantry-1785429457:0
[    2330ms] [INFO] Jul-30 20:01:29.122 [API-Q] (T023EV54RR7) noversion-1785434489.121 developer.apps.config.listInstalledScopes is ENQUEUED @ https://a.slack-edge.com/bv1-13-br/gantry-v2-shared.180758f5a33ab48a.min.js?cacheKey=gantry-1785429457:0
[    2331ms] [INFO] Jul-30 20:01:29.124 [API-Q] (T023EV54RR7) noversion-1785434489.123 developer.apps.scope.list called with reason: app_submission_nav @ https://a.slack-edge.com/bv1-13-br/gantry-v2-shared.180758f5a33ab48a.min.js?cacheKey=gantry-1785429457:0
[    2332ms] [INFO] Jul-30 20:01:29.124 [API-Q] (T023EV54RR7) noversion-1785434489.123 developer.apps.scope.list is ENQUEUED @ https://a.slack-edge.com/bv1-13-br/gantry-v2-shared.180758f5a33ab48a.min.js?cacheKey=gantry-1785429457:0
[    2333ms] [INFO] Jul-30 20:01:29.125 [API-Q] (T023EV54RR7) noversion-1785434489.125 developer.apps.appLevelTokens.list called with reason: list_app_level_tokens @ https://a.slack-edge.com/bv1-13-br/gantry-v2-shared.180758f5a33ab48a.min.js?cacheKey=gantry-1785429457:0
[    2334ms] [INFO] Jul-30 20:01:29.126 [API-Q] (T023EV54RR7) noversion-1785434489.125 developer.apps.appLevelTokens.list is ENQUEUED @ https://a.slack-edge.com/bv1-13-br/gantry-v2-shared.180758f5a33ab48a.min.js?cacheKey=gantry-1785429457:0
[    2342ms] [INFO] Jul-30 20:01:29.134 [API-Q] (T023EV54RR7) noversion-1785434489.121 developer.apps.config.listInstalledScopes is ACTIVE @ https://a.slack-edge.com/bv1-13-br/gantry-v2-shared.180758f5a33ab48a.min.js?cacheKey=gantry-1785429457:0
[    2342ms] [INFO] Jul-30 20:01:29.135 [API-Q] (T023EV54RR7) noversion-1785434489.123 developer.apps.scope.list is ACTIVE @ https://a.slack-edge.com/bv1-13-br/gantry-v2-shared.180758f5a33ab48a.min.js?cacheKey=gantry-1785429457:0
[    2342ms] [INFO] Jul-30 20:01:29.135 [API-Q] (T023EV54RR7) noversion-1785434489.125 developer.apps.appLevelTokens.list is ACTIVE @ https://a.slack-edge.com/bv1-13-br/gantry-v2-shared.180758f5a33ab48a.min.js?cacheKey=gantry-1785429457:0
[    2345ms] [INFO] Jul-30 20:01:29.137 [API-Q] (T023EV54RR7) noversion-1785434489.137 developer.appdirectory.submissions.info called with reason: fetch_app_submission_info_by_id @ https://a.slack-edge.com/bv1-13-br/gantry-v2-shared.180758f5a33ab48a.min.js?cacheKey=gantry-1785429457:0
[    2345ms] [INFO] Jul-30 20:01:29.137 [API-Q] (T023EV54RR7) noversion-1785434489.137 developer.appdirectory.submissions.info is ENQUEUED @ https://a.slack-edge.com/bv1-13-br/gantry-v2-shared.180758f5a33ab48a.min.js?cacheKey=gantry-1785429457:0
[    2345ms] [INFO] Jul-30 20:01:29.138 [API-Q] (T023EV54RR7) noversion-1785434489.137 developer.appdirectory.submissions.info is ACTIVE @ https://a.slack-edge.com/bv1-13-br/gantry-v2-shared.180758f5a33ab48a.min.js?cacheKey=gantry-1785429457:0
[    2347ms] [INFO] Jul-30 20:01:29.139 [API-Q] (T023EV54RR7) noversion-1785434489.083 Flannel users/info is RESOLVED @ https://a.slack-edge.com/bv1-13-br/gantry-v2-shared.180758f5a33ab48a.min.js?cacheKey=gantry-1785429457:0
[    2348ms] [INFO] Jul-30 20:01:29.141 [API-Q] (T023EV54RR7) noversion-1785434488.922 developer.apps.info is RESOLVED @ https://a.slack-edge.com/bv1-13-br/gantry-v2-shared.180758f5a33ab48a.min.js?cacheKey=gantry-1785429457:0
[    2494ms] [INFO] Jul-30 20:01:29.287 [API-Q] (T023EV54RR7) noversion-1785434489.121 developer.apps.config.listInstalledScopes is RESOLVED @ https://a.slack-edge.com/bv1-13-br/gantry-v2-shared.180758f5a33ab48a.min.js?cacheKey=gantry-1785429457:0
[    2503ms] [INFO] Jul-30 20:01:29.295 [API-Q] (T023EV54RR7) noversion-1785434489.137 developer.appdirectory.submissions.info is RESOLVED @ https://a.slack-edge.com/bv1-13-br/gantry-v2-shared.180758f5a33ab48a.min.js?cacheKey=gantry-1785429457:0
[    2504ms] [INFO] Jul-30 20:01:29.297 [API-Q] (T023EV54RR7) noversion-1785434489.125 developer.apps.appLevelTokens.list is RESOLVED @ https://a.slack-edge.com/bv1-13-br/gantry-v2-shared.180758f5a33ab48a.min.js?cacheKey=gantry-1785429457:0
[    2624ms] [INFO] Jul-30 20:01:29.417 [API-Q] (T023EV54RR7) noversion-1785434489.123 developer.apps.scope.list is RESOLVED @ https://a.slack-edge.com/bv1-13-br/gantry-v2-shared.180758f5a33ab48a.min.js?cacheKey=gantry-1785429457:0
