[       9ms] [INFO] Jul-30 20:00:49.732 [WINDOW-UNLOADING] (T00000000) workspace handling window unloading event @ https://a.slack-edge.com/bv1-13-br/modern.vendor.8794e31bb8903f0e.min.js:3720
[     575ms] [LOG] JQMIGRATE: Migrate is installed with logging active, version 3.4.0 @ https://a.slack-edge.com/bv1-13-br/rollup-core_required_libs.74a908cd0c361a51.min.js:128
[     906ms] [INFO] Jul-30 20:00:50.630 [BOOT] booted! pri:0 version:1785429186 start_ms:1785434450274 (356ms ago) @ https://a.slack-edge.com/bv1-13-br/modern.vendor.8794e31bb8903f0e.min.js:3720
[     911ms] [INFO] Jul-30 20:00:50.634 [TRACER] Tracing is not sampled by default for this session. @ https://a.slack-edge.com/bv1-13-br/modern.vendor.8794e31bb8903f0e.min.js:3720
[     913ms] [VERBOSE] [DOM] Input elements should have autocomplete attributes (suggested: "new-password"): (More info: https://goo.gl/9p2vKq) @ https://api.slack.com/apps/A0B5MQSHE65:0
[     913ms] [VERBOSE] [DOM] Input elements should have autocomplete attributes (suggested: "new-password"): (More info: https://goo.gl/9p2vKq) @ https://api.slack.com/apps/A0B5MQSHE65:0
[     933ms] [INFO] Jul-30 20:00:50.656 [METRICS] Starting timers for metrics collection @ https://a.slack-edge.com/bv1-13-br/modern.vendor.8794e31bb8903f0e.min.js:3720
[     933ms] [WARNING] Jul-30 20:00:50.657 Couldn't complete metrics measurement for start mark 'navigationStart' @ https://a.slack-edge.com/bv1-13-br/modern.vendor.8794e31bb8903f0e.min.js:3720
[     968ms] [INFO] Jul-30 20:00:50.692 [INFO] running without a user @ https://a.slack-edge.com/bv1-13-br/modern.vendor.8794e31bb8903f0e.min.js:3720
[    1005ms] [INFO] Jul-30 20:00:50.728 [UFM-MEMBERS] (T023EV54RR7) requesting U07DB40NK51 (1) @ https://a.slack-edge.com/bv1-13-br/modern.vendor.8794e31bb8903f0e.min.js:3720
[    1011ms] [WARNING] Jul-30 20:00:50.733 TRACES You tried to get a team-specific tracer but didn’t provide enough context and are getting the generic tracer instead which is likely not what you want. @ https://a.slack-edge.com/bv1-13-br/modern.vendor.8794e31bb8903f0e.min.js:3720
[    1016ms] [WARNING] Jul-30 20:00:50.739 TRACES You tried to get a team-specific tracer but didn’t provide enough context and are getting the generic tracer instead which is likely not what you want. @ https://a.slack-edge.com/bv1-13-br/modern.vendor.8794e31bb8903f0e.min.js:3720
[    1018ms] [INFO] Jul-30 20:00:50.740 [API-Q] (T023EV54RR7) 2c20e962-1785434450.736 api.getFlannelHttpUrl called with reason: client-needs-valid-flannel-url @ https://a.slack-edge.com/bv1-13-br/modern.vendor.8794e31bb8903f0e.min.js:3720
[    1018ms] [INFO] Jul-30 20:00:50.741 [API-Q] (T023EV54RR7) 2c20e962-1785434450.736 api.getFlannelHttpUrl is ENQUEUED @ https://a.slack-edge.com/bv1-13-br/modern.vendor.8794e31bb8903f0e.min.js:3720
[    1022ms] [INFO] Jul-30 20:00:50.746 [UFM-TEAMS] (T023EV54RR7) requesting T023EV54RR7 (1) @ https://a.slack-edge.com/bv1-13-br/modern.vendor.8794e31bb8903f0e.min.js:3720
[    1023ms] [WARNING] Jul-30 20:00:50.747 TRACES You tried to get a team-specific tracer but didn’t provide enough context and are getting the generic tracer instead which is likely not what you want. @ https://a.slack-edge.com/bv1-13-br/modern.vendor.8794e31bb8903f0e.min.js:3720
[    1024ms] [WARNING] Jul-30 20:00:50.748 TRACES You tried to get a team-specific tracer but didn’t provide enough context and are getting the generic tracer instead which is likely not what you want. @ https://a.slack-edge.com/bv1-13-br/modern.vendor.8794e31bb8903f0e.min.js:3720
[    1025ms] [INFO] Jul-30 20:00:50.748 [API-Q] (T023EV54RR7) 2c20e962-1785434450.747 team.info called with reason: UnknownFetchManager @ https://a.slack-edge.com/bv1-13-br/modern.vendor.8794e31bb8903f0e.min.js:3720
[    1025ms] [INFO] Jul-30 20:00:50.748 [API-Q] (T023EV54RR7) 2c20e962-1785434450.747 team.info is ENQUEUED @ https://a.slack-edge.com/bv1-13-br/modern.vendor.8794e31bb8903f0e.min.js:3720
[    1044ms] [WARNING] Jul-30 20:00:50.767 TRACES You tried to get a team-specific tracer but didn’t provide enough context and are getting the generic tracer instead which is likely not what you want. @ https://a.slack-edge.com/bv1-13-br/modern.vendor.8794e31bb8903f0e.min.js:3720
[    1045ms] [WARNING] Jul-30 20:00:50.768 TRACES You tried to get a team-specific tracer but didn’t provide enough context and are getting the generic tracer instead which is likely not what you want. @ https://a.slack-edge.com/bv1-13-br/modern.vendor.8794e31bb8903f0e.min.js:3720
[    1045ms] [INFO] Jul-30 20:00:50.769 [API-Q] (T023EV54RR7) 2c20e962-1785434450.768 developer.apps.appLevelTokens.list called with reason: list_app_level_tokens @ https://a.slack-edge.com/bv1-13-br/modern.vendor.8794e31bb8903f0e.min.js:3720
[    1045ms] [INFO] Jul-30 20:00:50.769 [API-Q] (T023EV54RR7) 2c20e962-1785434450.768 developer.apps.appLevelTokens.list is ENQUEUED @ https://a.slack-edge.com/bv1-13-br/modern.vendor.8794e31bb8903f0e.min.js:3720
[    1296ms] [INFO] Jul-30 20:00:51.020 [API-Q] (T023EV54RR7) 2c20e962-1785434450.736 api.getFlannelHttpUrl is ACTIVE @ https://a.slack-edge.com/bv1-13-br/modern.vendor.8794e31bb8903f0e.min.js:3720
[    1297ms] [INFO] Jul-30 20:00:51.020 [API-Q] (T023EV54RR7) 2c20e962-1785434450.747 team.info is ACTIVE @ https://a.slack-edge.com/bv1-13-br/modern.vendor.8794e31bb8903f0e.min.js:3720
[    1297ms] [INFO] Jul-30 20:00:51.021 [API-Q] (T023EV54RR7) 2c20e962-1785434450.768 developer.apps.appLevelTokens.list is ACTIVE @ https://a.slack-edge.com/bv1-13-br/modern.vendor.8794e31bb8903f0e.min.js:3720
[    1431ms] [INFO] Jul-30 20:00:51.154 [API-Q] (T023EV54RR7) 2c20e962-1785434450.736 api.getFlannelHttpUrl is RESOLVED @ https://a.slack-edge.com/bv1-13-br/modern.vendor.8794e31bb8903f0e.min.js:3720
[    1433ms] [WARNING] Jul-30 20:00:51.156 TRACES You tried to get a team-specific tracer but didn’t provide enough context and are getting the generic tracer instead which is likely not what you want. @ https://a.slack-edge.com/bv1-13-br/modern.vendor.8794e31bb8903f0e.min.js:3720
[    1433ms] [WARNING] Jul-30 20:00:51.157 TRACES You tried to get a team-specific tracer but didn’t provide enough context and are getting the generic tracer instead which is likely not what you want. @ https://a.slack-edge.com/bv1-13-br/modern.vendor.8794e31bb8903f0e.min.js:3720
[    1434ms] [INFO] Jul-30 20:00:51.157 [API-Q] (T023EV54RR7) noversion-1785434451.157 Flannel users/info called with reason: flannel-call:users/info @ https://a.slack-edge.com/bv1-13-br/modern.vendor.8794e31bb8903f0e.min.js:3720
[    1434ms] [INFO] Jul-30 20:00:51.157 [API-Q] (T023EV54RR7) noversion-1785434451.157 Flannel users/info is ENQUEUED @ https://a.slack-edge.com/bv1-13-br/modern.vendor.8794e31bb8903f0e.min.js:3720
[    1434ms] [INFO] Jul-30 20:00:51.158 [API-Q] (T023EV54RR7) noversion-1785434451.157 Flannel users/info is ACTIVE @ https://a.slack-edge.com/bv1-13-br/modern.vendor.8794e31bb8903f0e.min.js:3720
[    1439ms] [INFO] Jul-30 20:00:51.163 [API-Q] (T023EV54RR7) 2c20e962-1785434450.747 team.info is RESOLVED @ https://a.slack-edge.com/bv1-13-br/modern.vendor.8794e31bb8903f0e.min.js:3720
[    1440ms] [INFO] Jul-30 20:00:51.163 [UFM-TEAMS] (T023EV54RR7) received T023EV54RR7 (1) @ https://a.slack-edge.com/bv1-13-br/modern.vendor.8794e31bb8903f0e.min.js:3720
[    1470ms] [INFO] Jul-30 20:00:51.194 [API-Q] (T023EV54RR7) 2c20e962-1785434450.768 developer.apps.appLevelTokens.list is RESOLVED @ https://a.slack-edge.com/bv1-13-br/modern.vendor.8794e31bb8903f0e.min.js:3720
[    1702ms] [INFO] Jul-30 20:00:51.426 [API-Q] (T023EV54RR7) noversion-1785434451.157 Flannel users/info is RESOLVED @ https://a.slack-edge.com/bv1-13-br/modern.vendor.8794e31bb8903f0e.min.js:3720
[    1703ms] [INFO] Jul-30 20:00:51.426 [UFM-MEMBERS] (T023EV54RR7) received U07DB40NK51 (1) @ https://a.slack-edge.com/bv1-13-br/modern.vendor.8794e31bb8903f0e.min.js:3720
