[       3ms] [WARNING] Jul-30 20:01:36.773 Couldn't complete metrics measurement for start mark 'session_lifespan' @ https://a.slack-edge.com/bv1-13-br/gantry-v2-shared.180758f5a33ab48a.min.js?cacheKey=gantry-1785429457:0
[       3ms] [WARNING] Jul-30 20:01:36.773 Couldn't complete metrics measurement for start mark 'session_lifespan' @ https://a.slack-edge.com/bv1-13-br/gantry-v2-shared.180758f5a33ab48a.min.js?cacheKey=gantry-1785429457:0
[     733ms] [LOG] JQMIGRATE: Migrate is installed with logging active, version 3.4.0 @ https://a.slack-edge.com/bv1-13-br/rollup-core_required_libs.74a908cd0c361a51.min.js:128
[    1266ms] [INFO] Jul-30 20:01:38.035 [BOOT] booted! pri:0 version:1785429186 start_ms:1785434497427 (608ms ago) @ https://a.slack-edge.com/bv1-13-br/modern.vendor.8794e31bb8903f0e.min.js:3720
[    1271ms] [INFO] Jul-30 20:01:38.040 [TRACER] Tracing is not sampled by default for this session. @ https://a.slack-edge.com/bv1-13-br/modern.vendor.8794e31bb8903f0e.min.js:3720
[    1291ms] [VERBOSE] [DOM] Input elements should have autocomplete attributes (suggested: "new-password"): (More info: https://goo.gl/9p2vKq) @ https://api.slack.com/apps/A0BLHCTS1AT/general:0
[    1291ms] [VERBOSE] [DOM] Input elements should have autocomplete attributes (suggested: "new-password"): (More info: https://goo.gl/9p2vKq) @ https://api.slack.com/apps/A0BLHCTS1AT/general:0
[    1312ms] [INFO] Jul-30 20:01:38.082 [METRICS] Starting timers for metrics collection @ https://a.slack-edge.com/bv1-13-br/modern.vendor.8794e31bb8903f0e.min.js:3720
[    1313ms] [WARNING] Jul-30 20:01:38.082 Couldn't complete metrics measurement for start mark 'navigationStart' @ https://a.slack-edge.com/bv1-13-br/modern.vendor.8794e31bb8903f0e.min.js:3720
[    1337ms] [INFO] Jul-30 20:01:38.106 [INFO] running without a user @ https://a.slack-edge.com/bv1-13-br/modern.vendor.8794e31bb8903f0e.min.js:3720
[    1349ms] [INFO] Jul-30 20:01:38.119 [UFM-MEMBERS] (T023EV54RR7) requesting U07DB40NK51 (1) @ https://a.slack-edge.com/bv1-13-br/modern.vendor.8794e31bb8903f0e.min.js:3720
[    1350ms] [WARNING] Jul-30 20:01:38.119 TRACES You tried to get a team-specific tracer but didn’t provide enough context and are getting the generic tracer instead which is likely not what you want. @ https://a.slack-edge.com/bv1-13-br/modern.vendor.8794e31bb8903f0e.min.js:3720
[    1351ms] [WARNING] Jul-30 20:01:38.121 TRACES You tried to get a team-specific tracer but didn’t provide enough context and are getting the generic tracer instead which is likely not what you want. @ https://a.slack-edge.com/bv1-13-br/modern.vendor.8794e31bb8903f0e.min.js:3720
[    1351ms] [INFO] Jul-30 20:01:38.121 [API-Q] (T023EV54RR7) 2c20e962-1785434498.120 api.getFlannelHttpUrl called with reason: client-needs-valid-flannel-url @ https://a.slack-edge.com/bv1-13-br/modern.vendor.8794e31bb8903f0e.min.js:3720
[    1351ms] [INFO] Jul-30 20:01:38.121 [API-Q] (T023EV54RR7) 2c20e962-1785434498.120 api.getFlannelHttpUrl is ENQUEUED @ https://a.slack-edge.com/bv1-13-br/modern.vendor.8794e31bb8903f0e.min.js:3720
[    1352ms] [INFO] Jul-30 20:01:38.122 [UFM-TEAMS] (T023EV54RR7) requesting T023EV54RR7 (1) @ https://a.slack-edge.com/bv1-13-br/modern.vendor.8794e31bb8903f0e.min.js:3720
[    1353ms] [WARNING] Jul-30 20:01:38.122 TRACES You tried to get a team-specific tracer but didn’t provide enough context and are getting the generic tracer instead which is likely not what you want. @ https://a.slack-edge.com/bv1-13-br/modern.vendor.8794e31bb8903f0e.min.js:3720
[    1353ms] [WARNING] Jul-30 20:01:38.122 TRACES You tried to get a team-specific tracer but didn’t provide enough context and are getting the generic tracer instead which is likely not what you want. @ https://a.slack-edge.com/bv1-13-br/modern.vendor.8794e31bb8903f0e.min.js:3720
[    1353ms] [INFO] Jul-30 20:01:38.123 [API-Q] (T023EV54RR7) 2c20e962-1785434498.122 team.info called with reason: UnknownFetchManager @ https://a.slack-edge.com/bv1-13-br/modern.vendor.8794e31bb8903f0e.min.js:3720
[    1353ms] [INFO] Jul-30 20:01:38.123 [API-Q] (T023EV54RR7) 2c20e962-1785434498.122 team.info is ENQUEUED @ https://a.slack-edge.com/bv1-13-br/modern.vendor.8794e31bb8903f0e.min.js:3720
[    1361ms] [WARNING] Jul-30 20:01:38.130 TRACES You tried to get a team-specific tracer but didn’t provide enough context and are getting the generic tracer instead which is likely not what you want. @ https://a.slack-edge.com/bv1-13-br/modern.vendor.8794e31bb8903f0e.min.js:3720
[    1361ms] [WARNING] Jul-30 20:01:38.131 TRACES You tried to get a team-specific tracer but didn’t provide enough context and are getting the generic tracer instead which is likely not what you want. @ https://a.slack-edge.com/bv1-13-br/modern.vendor.8794e31bb8903f0e.min.js:3720
[    1362ms] [INFO] Jul-30 20:01:38.131 [API-Q] (T023EV54RR7) 2c20e962-1785434498.131 developer.apps.appLevelTokens.list called with reason: list_app_level_tokens @ https://a.slack-edge.com/bv1-13-br/modern.vendor.8794e31bb8903f0e.min.js:3720
[    1362ms] [INFO] Jul-30 20:01:38.131 [API-Q] (T023EV54RR7) 2c20e962-1785434498.131 developer.apps.appLevelTokens.list is ENQUEUED @ https://a.slack-edge.com/bv1-13-br/modern.vendor.8794e31bb8903f0e.min.js:3720
[    1501ms] [INFO] Jul-30 20:01:38.270 [API-Q] (T023EV54RR7) 2c20e962-1785434498.120 api.getFlannelHttpUrl is ACTIVE @ https://a.slack-edge.com/bv1-13-br/modern.vendor.8794e31bb8903f0e.min.js:3720
[    1501ms] [INFO] Jul-30 20:01:38.271 [API-Q] (T023EV54RR7) 2c20e962-1785434498.122 team.info is ACTIVE @ https://a.slack-edge.com/bv1-13-br/modern.vendor.8794e31bb8903f0e.min.js:3720
[    1502ms] [INFO] Jul-30 20:01:38.271 [API-Q] (T023EV54RR7) 2c20e962-1785434498.131 developer.apps.appLevelTokens.list is ACTIVE @ https://a.slack-edge.com/bv1-13-br/modern.vendor.8794e31bb8903f0e.min.js:3720
[    1636ms] [INFO] Jul-30 20:01:38.405 [API-Q] (T023EV54RR7) 2c20e962-1785434498.120 api.getFlannelHttpUrl is RESOLVED @ https://a.slack-edge.com/bv1-13-br/modern.vendor.8794e31bb8903f0e.min.js:3720
[    1637ms] [WARNING] Jul-30 20:01:38.406 TRACES You tried to get a team-specific tracer but didn’t provide enough context and are getting the generic tracer instead which is likely not what you want. @ https://a.slack-edge.com/bv1-13-br/modern.vendor.8794e31bb8903f0e.min.js:3720
[    1637ms] [WARNING] Jul-30 20:01:38.407 TRACES You tried to get a team-specific tracer but didn’t provide enough context and are getting the generic tracer instead which is likely not what you want. @ https://a.slack-edge.com/bv1-13-br/modern.vendor.8794e31bb8903f0e.min.js:3720
[    1637ms] [INFO] Jul-30 20:01:38.407 [API-Q] (T023EV54RR7) noversion-1785434498.406 Flannel users/info called with reason: flannel-call:users/info @ https://a.slack-edge.com/bv1-13-br/modern.vendor.8794e31bb8903f0e.min.js:3720
[    1638ms] [INFO] Jul-30 20:01:38.407 [API-Q] (T023EV54RR7) noversion-1785434498.406 Flannel users/info is ENQUEUED @ https://a.slack-edge.com/bv1-13-br/modern.vendor.8794e31bb8903f0e.min.js:3720
[    1638ms] [INFO] Jul-30 20:01:38.408 [API-Q] (T023EV54RR7) noversion-1785434498.406 Flannel users/info is ACTIVE @ https://a.slack-edge.com/bv1-13-br/modern.vendor.8794e31bb8903f0e.min.js:3720
[    1639ms] [INFO] Jul-30 20:01:38.408 [API-Q] (T023EV54RR7) 2c20e962-1785434498.122 team.info is RESOLVED @ https://a.slack-edge.com/bv1-13-br/modern.vendor.8794e31bb8903f0e.min.js:3720
[    1639ms] [INFO] Jul-30 20:01:38.409 [UFM-TEAMS] (T023EV54RR7) received T023EV54RR7 (1) @ https://a.slack-edge.com/bv1-13-br/modern.vendor.8794e31bb8903f0e.min.js:3720
[    1650ms] [INFO] Jul-30 20:01:38.419 [API-Q] (T023EV54RR7) 2c20e962-1785434498.131 developer.apps.appLevelTokens.list is RESOLVED @ https://a.slack-edge.com/bv1-13-br/modern.vendor.8794e31bb8903f0e.min.js:3720
[    1660ms] [INFO] Jul-30 20:01:38.429 [API-Q] (T023EV54RR7) noversion-1785434498.406 Flannel users/info is RESOLVED @ https://a.slack-edge.com/bv1-13-br/modern.vendor.8794e31bb8903f0e.min.js:3720
[    1660ms] [INFO] Jul-30 20:01:38.430 [UFM-MEMBERS] (T023EV54RR7) received U07DB40NK51 (1) @ https://a.slack-edge.com/bv1-13-br/modern.vendor.8794e31bb8903f0e.min.js:3720
[   13222ms] [WARNING] Jul-30 20:01:49.991 (T023EV54RR7) [PORTABLE-REACT-MODAL] Unable to find undefined @ https://a.slack-edge.com/bv1-13-br/modern.vendor.8794e31bb8903f0e.min.js:3720
[   13226ms] [ERROR] Warning: react-modal: App element is not defined. Please use `Modal.setAppElement(el)` or set `appElement={el}`. This is needed so screen readers don't see main content when modal is opened. It is not recommended, but you can opt-out by setting `ariaHideApp={false}`. @ https://a.slack-edge.com/bv1-13-br/modern.vendor.8794e31bb8903f0e.min.js:245
[   13229ms] [WARNING] Jul-30 20:01:49.998 TRACES You tried to get a team-specific tracer but didn’t provide enough context and are getting the generic tracer instead which is likely not what you want. @ https://a.slack-edge.com/bv1-13-br/modern.vendor.8794e31bb8903f0e.min.js:3720
[   13231ms] [WARNING] Jul-30 20:01:50.000 TRACES You tried to get a team-specific tracer but didn’t provide enough context and are getting the generic tracer instead which is likely not what you want. @ https://a.slack-edge.com/bv1-13-br/modern.vendor.8794e31bb8903f0e.min.js:3720
[   13232ms] [INFO] Jul-30 20:01:50.000 [API-Q] (T023EV54RR7) 2c20e962-1785434509.999 developer.apps.appLevelTokens.getTokenString called with reason: get_app_level_token_string @ https://a.slack-edge.com/bv1-13-br/modern.vendor.8794e31bb8903f0e.min.js:3720
[   13232ms] [INFO] Jul-30 20:01:50.001 [API-Q] (T023EV54RR7) 2c20e962-1785434509.999 developer.apps.appLevelTokens.getTokenString is ENQUEUED @ https://a.slack-edge.com/bv1-13-br/modern.vendor.8794e31bb8903f0e.min.js:3720
[   13264ms] [INFO] Jul-30 20:01:50.033 [API-Q] (T023EV54RR7) 2c20e962-1785434509.999 developer.apps.appLevelTokens.getTokenString is ACTIVE @ https://a.slack-edge.com/bv1-13-br/modern.vendor.8794e31bb8903f0e.min.js:3720
[   13414ms] [INFO] Jul-30 20:01:50.183 [API-Q] (T023EV54RR7) 2c20e962-1785434509.999 developer.apps.appLevelTokens.getTokenString is RESOLVED @ https://a.slack-edge.com/bv1-13-br/modern.vendor.8794e31bb8903f0e.min.js:3720
[   28585ms] [ERROR] Warning: react-modal: App element is not defined. Please use `Modal.setAppElement(el)` or set `appElement={el}`. This is needed so screen readers don't see main content when modal is opened. It is not recommended, but you can opt-out by setting `ariaHideApp={false}`. @ https://a.slack-edge.com/bv1-13-br/modern.vendor.8794e31bb8903f0e.min.js:245
[   34805ms] [ERROR] Access to XMLHttpRequest at 'https://slack.com/clog/track/' from origin 'https://api.slack.com' has been blocked by CORS policy: No 'Access-Control-Allow-Origin' header is present on the requested resource. @ https://api.slack.com/apps/A0BLHCTS1AT/general:0
[   34805ms] [ERROR] Failed to load resource: net::ERR_FAILED @ https://slack.com/clog/track/:0
