[       4ms] [WARNING] Jul-30 20:01:01.483 Couldn't complete metrics measurement for start mark 'session_lifespan' @ https://a.slack-edge.com/bv1-13-br/modern.vendor.8794e31bb8903f0e.min.js:3720
[       5ms] [WARNING] Jul-30 20:01:01.483 Couldn't complete metrics measurement for start mark 'session_lifespan' @ https://a.slack-edge.com/bv1-13-br/modern.vendor.8794e31bb8903f0e.min.js:3720
[       6ms] [INFO] Jul-30 20:01:01.485 [WINDOW-UNLOADING] (T023EV54RR7) workspace handling window unloading event @ https://a.slack-edge.com/bv1-13-br/modern.vendor.8794e31bb8903f0e.min.js:3720
[     129ms] [ERROR] Access to XMLHttpRequest at 'https://slack.com/clog/track/' from origin 'https://api.slack.com' has been blocked by CORS policy: No 'Access-Control-Allow-Origin' header is present on the requested resource. @ https://api.slack.com/apps/A0B5MQSHE65:0
[     129ms] [ERROR] Failed to load resource: net::ERR_FAILED @ https://slack.com/clog/track/:0
[     551ms] [INFO] Jul-30 20:01:02.028 [METRICS] Starting timers for metrics collection @ https://a.slack-edge.com/bv1-13-br/gantry-v2-shared.180758f5a33ab48a.min.js?cacheKey=gantry-1785429457:0
[     862ms] [INFO] Jul-30 20:01:02.340 [APP] app-settings @ https://a.slack-edge.com/bv1-13-br/gantry-v2-shared.180758f5a33ab48a.min.js?cacheKey=gantry-1785429457:0
[     862ms] [INFO] Jul-30 20:01:02.341 [DATE/TIME] 1785434462341 Thu Jul 30 2026 20:01:02 GMT+0200 (Central European Summer Time) @ https://a.slack-edge.com/bv1-13-br/gantry-v2-shared.180758f5a33ab48a.min.js?cacheKey=gantry-1785429457:0
[     862ms] [INFO] Jul-30 20:01:02.341 [VERSION] version_hash: 2c20e9621b283d2b20fb7d2ba3a3a9d6fdd110e5 @ https://a.slack-edge.com/bv1-13-br/gantry-v2-shared.180758f5a33ab48a.min.js?cacheKey=gantry-1785429457:0
[     862ms] [INFO] Jul-30 20:01:02.341 [VERSION] version_ts: 1785429457 @ https://a.slack-edge.com/bv1-13-br/gantry-v2-shared.180758f5a33ab48a.min.js?cacheKey=gantry-1785429457:0
[     862ms] [INFO] Jul-30 20:01:02.341 [VERSION] min_version_data_ts: 1722374725 @ https://a.slack-edge.com/bv1-13-br/gantry-v2-shared.180758f5a33ab48a.min.js?cacheKey=gantry-1785429457:0
[     863ms] [INFO] Jul-30 20:01:02.341 [URL] https://app.slack.com/app-settings/T023EV54RR7/A0B5MQSHE65/socket-mode @ https://a.slack-edge.com/bv1-13-br/gantry-v2-shared.180758f5a33ab48a.min.js?cacheKey=gantry-1785429457:0
[     864ms] [INFO] Jul-30 20:01:02.342 [AUTH] Need to re-fetch auth (sc=true, psc=NaN, csc=1785434404, mfc=true, lf=0, mf=1635006011, sae=false) @ https://a.slack-edge.com/bv1-13-br/gantry-v2-shared.180758f5a33ab48a.min.js?cacheKey=gantry-1785429457:0
[     864ms] [INFO] Jul-30 20:01:02.343 [AUTH] fetchAuthAndReturnToUrl: auth fetch times: 1785434462343 @ https://a.slack-edge.com/bv1-13-br/gantry-v2-shared.180758f5a33ab48a.min.js?cacheKey=gantry-1785429457:0
[     865ms] [INFO] Jul-30 20:01:02.343 [AUTH] fetchAuthAndReturnToUrl: will return to /app-settings/T023EV54RR7/A0B5MQSHE65/socket-mode @ https://a.slack-edge.com/bv1-13-br/gantry-v2-shared.180758f5a33ab48a.min.js?cacheKey=gantry-1785429457:0
[     865ms] [INFO] Jul-30 20:01:02.343 [AUTH] fetchAuthAndReturnToUrl: fetching credentials with iframe at /auth?app=app-settings&return_to=%2Fapp-settings%2FT023EV54RR7%2FA0B5MQSHE65%2Fsocket-mode&teams= @ https://a.slack-edge.com/bv1-13-br/gantry-v2-shared.180758f5a33ab48a.min.js?cacheKey=gantry-1785429457:0
[     875ms] [LOG] [WD] All assets have reported back; s: 6; f: 0 @ https://app.slack.com/app-settings/T023EV54RR7/A0B5MQSHE65/socket-mode:0
[     996ms] [LOG] [AUTH] credentials are ready @ https://app.slack.com/auth?app=app-settings&return_to=%2Fapp-settings%2FT023EV54RR7%2FA0B5MQSHE65%2Fsocket-mode&teams=&iframe=1:3
[     998ms] [INFO] Jul-30 20:01:02.477 [AUTH] credentials are ready ({"added":["T023EV54RR7"],"changed":[],"removed":[],"pending":[],"isNoOp":false,"areChangedTeamsIncompatible":true}) @ https://a.slack-edge.com/bv1-13-br/gantry-v2-shared.180758f5a33ab48a.min.js?cacheKey=gantry-1785429457:0
[     999ms] [INFO] Jul-30 20:01:02.477 [LOCAL-CONFIG] ingestIncomingConfig(): processing 653 bytes of data @ https://a.slack-edge.com/bv1-13-br/gantry-v2-shared.180758f5a33ab48a.min.js?cacheKey=gantry-1785429457:0
[     999ms] [INFO] Jul-30 20:01:02.478 [LOCAL-CONFIG] ingestIncomingConfig(): teams before: (none), teams now: T023EV54RR7:U07DB40NK51 @ https://a.slack-edge.com/bv1-13-br/gantry-v2-shared.180758f5a33ab48a.min.js?cacheKey=gantry-1785429457:0
[    1000ms] [INFO] Jul-30 20:01:02.478 [BOOT] Initial team ID: T023EV54RR7 @ https://a.slack-edge.com/bv1-13-br/gantry-v2-shared.180758f5a33ab48a.min.js?cacheKey=gantry-1785429457:0
[    1002ms] [INFO] Jul-30 20:01:02.480 [TRACER] Tracing is not sampled by default for this team. @ https://a.slack-edge.com/bv1-13-br/gantry-v2-shared.180758f5a33ab48a.min.js?cacheKey=gantry-1785429457:0
[    1016ms] [INFO] Jul-30 20:01:02.494 [TRACER] Tracing is not sampled by default for this session. @ https://a.slack-edge.com/bv1-13-br/gantry-v2-shared.180758f5a33ab48a.min.js?cacheKey=gantry-1785429457:0
[    1017ms] [INFO] Jul-30 20:01:02.496 [BOOT-QUEUE] T023EV54RR7 noversion-1785434462.493 api.features called @ https://a.slack-edge.com/bv1-13-br/gantry-v2-shared.180758f5a33ab48a.min.js?cacheKey=gantry-1785429457:0
[    1018ms] [INFO] Jul-30 20:01:02.496 [BOOT-QUEUE] T023EV54RR7 noversion-1785434462.493 api.features is ENQUEUED @ https://a.slack-edge.com/bv1-13-br/gantry-v2-shared.180758f5a33ab48a.min.js?cacheKey=gantry-1785429457:0
[    1019ms] [INFO] Jul-30 20:01:02.498 [BOOT-QUEUE] T023EV54RR7 noversion-1785434462.498 experiments.getByUser called @ https://a.slack-edge.com/bv1-13-br/gantry-v2-shared.180758f5a33ab48a.min.js?cacheKey=gantry-1785429457:0
[    1019ms] [INFO] Jul-30 20:01:02.498 [BOOT-QUEUE] T023EV54RR7 noversion-1785434462.498 experiments.getByUser is ENQUEUED @ https://a.slack-edge.com/bv1-13-br/gantry-v2-shared.180758f5a33ab48a.min.js?cacheKey=gantry-1785429457:0
[    1020ms] [INFO] Jul-30 20:01:02.498 [BOOT-QUEUE] T023EV54RR7 noversion-1785434462.498 users.prefs.get called @ https://a.slack-edge.com/bv1-13-br/gantry-v2-shared.180758f5a33ab48a.min.js?cacheKey=gantry-1785429457:0
[    1020ms] [INFO] Jul-30 20:01:02.499 [BOOT-QUEUE] T023EV54RR7 noversion-1785434462.498 users.prefs.get is ENQUEUED @ https://a.slack-edge.com/bv1-13-br/gantry-v2-shared.180758f5a33ab48a.min.js?cacheKey=gantry-1785429457:0
[    1021ms] [INFO] Jul-30 20:01:02.499 [BOOT-QUEUE] T023EV54RR7 noversion-1785434462.499 users.info called @ https://a.slack-edge.com/bv1-13-br/gantry-v2-shared.180758f5a33ab48a.min.js?cacheKey=gantry-1785429457:0
[    1021ms] [INFO] Jul-30 20:01:02.499 [BOOT-QUEUE] T023EV54RR7 noversion-1785434462.499 users.info is ENQUEUED @ https://a.slack-edge.com/bv1-13-br/gantry-v2-shared.180758f5a33ab48a.min.js?cacheKey=gantry-1785429457:0
[    1066ms] [INFO] Jul-30 20:01:02.545 [EMOJI_TRANSLATION] Emoji translations not needed for default locale, only adding keywords @ https://a.slack-edge.com/bv1-13-br/gantry-v2-shared.180758f5a33ab48a.min.js?cacheKey=gantry-1785429457:0
[    1126ms] [INFO] Jul-30 20:01:02.605 [BOOT-QUEUE] T023EV54RR7 noversion-1785434462.493 api.features is ACTIVE @ https://a.slack-edge.com/bv1-13-br/gantry-v2-shared.180758f5a33ab48a.min.js?cacheKey=gantry-1785429457:0
[    1127ms] [INFO] Jul-30 20:01:02.605 [BOOT-QUEUE] T023EV54RR7 noversion-1785434462.498 experiments.getByUser is ACTIVE @ https://a.slack-edge.com/bv1-13-br/gantry-v2-shared.180758f5a33ab48a.min.js?cacheKey=gantry-1785429457:0
[    1127ms] [INFO] Jul-30 20:01:02.606 [BOOT-QUEUE] T023EV54RR7 noversion-1785434462.498 users.prefs.get is ACTIVE @ https://a.slack-edge.com/bv1-13-br/gantry-v2-shared.180758f5a33ab48a.min.js?cacheKey=gantry-1785429457:0
[    1128ms] [INFO] Jul-30 20:01:02.606 [BOOT-QUEUE] T023EV54RR7 noversion-1785434462.499 users.info is ACTIVE @ https://a.slack-edge.com/bv1-13-br/gantry-v2-shared.180758f5a33ab48a.min.js?cacheKey=gantry-1785429457:0
[    1278ms] [INFO] Jul-30 20:01:02.756 [BOOT-QUEUE] T023EV54RR7 noversion-1785434462.493 api.features is RESOLVED @ https://a.slack-edge.com/bv1-13-br/gantry-v2-shared.180758f5a33ab48a.min.js?cacheKey=gantry-1785429457:0
[    1305ms] [INFO] Jul-30 20:01:02.783 [BOOT-QUEUE] T023EV54RR7 noversion-1785434462.499 users.info is RESOLVED @ https://a.slack-edge.com/bv1-13-br/gantry-v2-shared.180758f5a33ab48a.min.js?cacheKey=gantry-1785429457:0
[    1361ms] [INFO] Jul-30 20:01:02.839 [BOOT-QUEUE] T023EV54RR7 noversion-1785434462.498 users.prefs.get is RESOLVED @ https://a.slack-edge.com/bv1-13-br/gantry-v2-shared.180758f5a33ab48a.min.js?cacheKey=gantry-1785429457:0
[    1438ms] [INFO] Jul-30 20:01:02.917 [BOOT-QUEUE] T023EV54RR7 noversion-1785434462.498 experiments.getByUser is RESOLVED @ https://a.slack-edge.com/bv1-13-br/gantry-v2-shared.180758f5a33ab48a.min.js?cacheKey=gantry-1785429457:0
[    3575ms] [LOG] [WD] All assets have reported back; s: 13; f: 0 @ https://app.slack.com/app-settings/T023EV54RR7/A0B5MQSHE65/socket-mode:0
[    3605ms] [INFO] Jul-30 20:01:05.083 [UFM-MEMBERS] (T023EV54RR7) requesting U07DB40NK51 (1) @ https://a.slack-edge.com/bv1-13-br/gantry-v2-shared.180758f5a33ab48a.min.js?cacheKey=gantry-1785429457:0
[    3645ms] [INFO] Jul-30 20:01:05.086 [API-Q] (T023EV54RR7) noversion-1785434465.086 api.getFlannelHttpUrl called with reason: client-needs-valid-flannel-url @ https://a.slack-edge.com/bv1-13-br/gantry-v2-shared.180758f5a33ab48a.min.js?cacheKey=gantry-1785429457:0
[    3646ms] [INFO] Jul-30 20:01:05.124 [API-Q] (T023EV54RR7) noversion-1785434465.086 api.getFlannelHttpUrl is ENQUEUED @ https://a.slack-edge.com/bv1-13-br/gantry-v2-shared.180758f5a33ab48a.min.js?cacheKey=gantry-1785429457:0
[    3647ms] [INFO] Jul-30 20:01:05.125 [API-Q] (T023EV54RR7) noversion-1785434465.086 api.getFlannelHttpUrl is ACTIVE @ https://a.slack-edge.com/bv1-13-br/gantry-v2-shared.180758f5a33ab48a.min.js?cacheKey=gantry-1785429457:0
[    3650ms] [INFO] Jul-30 20:01:05.127 [API-Q] (T023EV54RR7) noversion-1785434465.127 developer.apps.info called with reason: fetch_app_info_by_id @ https://a.slack-edge.com/bv1-13-br/gantry-v2-shared.180758f5a33ab48a.min.js?cacheKey=gantry-1785429457:0
[    3650ms] [INFO] Jul-30 20:01:05.128 [API-Q] (T023EV54RR7) noversion-1785434465.127 developer.apps.info is ENQUEUED @ https://a.slack-edge.com/bv1-13-br/gantry-v2-shared.180758f5a33ab48a.min.js?cacheKey=gantry-1785429457:0
[    3650ms] [INFO] Jul-30 20:01:05.129 [API-Q] (T023EV54RR7) noversion-1785434465.127 developer.apps.info is ACTIVE @ https://a.slack-edge.com/bv1-13-br/gantry-v2-shared.180758f5a33ab48a.min.js?cacheKey=gantry-1785429457:0
[    3651ms] [INFO] Jul-30 20:01:05.130 [API-Q] (T023EV54RR7) noversion-1785434465.130 developer.apps.beta.info called with reason: fetch_beta_app_info_by_id @ https://a.slack-edge.com/bv1-13-br/gantry-v2-shared.180758f5a33ab48a.min.js?cacheKey=gantry-1785429457:0
[    3652ms] [INFO] Jul-30 20:01:05.130 [API-Q] (T023EV54RR7) noversion-1785434465.130 developer.apps.beta.info is ENQUEUED @ https://a.slack-edge.com/bv1-13-br/gantry-v2-shared.180758f5a33ab48a.min.js?cacheKey=gantry-1785429457:0
[    3652ms] [INFO] Jul-30 20:01:05.131 [API-Q] (T023EV54RR7) noversion-1785434465.130 developer.apps.beta.info is ACTIVE @ https://a.slack-edge.com/bv1-13-br/gantry-v2-shared.180758f5a33ab48a.min.js?cacheKey=gantry-1785429457:0
[    3652ms] [INFO] Jul-30 20:01:05.131 [UFM-APPSUBMISSIONS] (T023EV54RR7) requesting A0B5MQSHE65 (1) @ https://a.slack-edge.com/bv1-13-br/gantry-v2-shared.180758f5a33ab48a.min.js?cacheKey=gantry-1785429457:0
[    3653ms] [INFO] Jul-30 20:01:05.131 [API-Q] (T023EV54RR7) noversion-1785434465.131 developer.appdirectory.submissions.info called with reason: fetch_app_submission_info_by_id @ https://a.slack-edge.com/bv1-13-br/gantry-v2-shared.180758f5a33ab48a.min.js?cacheKey=gantry-1785429457:0
[    3653ms] [INFO] Jul-30 20:01:05.132 [API-Q] (T023EV54RR7) noversion-1785434465.131 developer.appdirectory.submissions.info is ENQUEUED @ https://a.slack-edge.com/bv1-13-br/gantry-v2-shared.180758f5a33ab48a.min.js?cacheKey=gantry-1785429457:0
[    3654ms] [INFO] Jul-30 20:01:05.132 [API-Q] (T023EV54RR7) noversion-1785434465.131 developer.appdirectory.submissions.info is ACTIVE @ https://a.slack-edge.com/bv1-13-br/gantry-v2-shared.180758f5a33ab48a.min.js?cacheKey=gantry-1785429457:0
[    3654ms] [INFO] Jul-30 20:01:05.133 [UFM-TEAMS] (T023EV54RR7) requesting T023EV54RR7 (1) @ https://a.slack-edge.com/bv1-13-br/gantry-v2-shared.180758f5a33ab48a.min.js?cacheKey=gantry-1785429457:0
[    3655ms] [INFO] Jul-30 20:01:05.133 [API-Q] (T023EV54RR7) noversion-1785434465.133 team.info called with reason: UnknownFetchManager @ https://a.slack-edge.com/bv1-13-br/gantry-v2-shared.180758f5a33ab48a.min.js?cacheKey=gantry-1785429457:0
[    3655ms] [INFO] Jul-30 20:01:05.134 [API-Q] (T023EV54RR7) noversion-1785434465.133 team.info is ENQUEUED @ https://a.slack-edge.com/bv1-13-br/gantry-v2-shared.180758f5a33ab48a.min.js?cacheKey=gantry-1785429457:0
[    3656ms] [INFO] Jul-30 20:01:05.134 [API-Q] (T023EV54RR7) noversion-1785434465.133 team.info is ACTIVE @ https://a.slack-edge.com/bv1-13-br/gantry-v2-shared.180758f5a33ab48a.min.js?cacheKey=gantry-1785429457:0
[    3788ms] [INFO] Jul-30 20:01:05.267 [API-Q] (T023EV54RR7) noversion-1785434465.086 api.getFlannelHttpUrl is RESOLVED @ https://a.slack-edge.com/bv1-13-br/gantry-v2-shared.180758f5a33ab48a.min.js?cacheKey=gantry-1785429457:0
[    3791ms] [INFO] Jul-30 20:01:05.269 [API-Q] (T023EV54RR7) noversion-1785434465.268 Flannel users/info called with reason: flannel-call:users/info @ https://a.slack-edge.com/bv1-13-br/gantry-v2-shared.180758f5a33ab48a.min.js?cacheKey=gantry-1785429457:0
[    3791ms] [INFO] Jul-30 20:01:05.270 [API-Q] (T023EV54RR7) noversion-1785434465.268 Flannel users/info is ENQUEUED @ https://a.slack-edge.com/bv1-13-br/gantry-v2-shared.180758f5a33ab48a.min.js?cacheKey=gantry-1785429457:0
[    3792ms] [INFO] Jul-30 20:01:05.270 [API-Q] (T023EV54RR7) noversion-1785434465.268 Flannel users/info is ACTIVE @ https://a.slack-edge.com/bv1-13-br/gantry-v2-shared.180758f5a33ab48a.min.js?cacheKey=gantry-1785429457:0
[    3800ms] [INFO] Jul-30 20:01:05.278 [API-Q] (T023EV54RR7) noversion-1785434465.133 team.info is RESOLVED @ https://a.slack-edge.com/bv1-13-br/gantry-v2-shared.180758f5a33ab48a.min.js?cacheKey=gantry-1785429457:0
[    3801ms] [INFO] Jul-30 20:01:05.279 [UFM-TEAMS] (T023EV54RR7) received T023EV54RR7 (1) @ https://a.slack-edge.com/bv1-13-br/gantry-v2-shared.180758f5a33ab48a.min.js?cacheKey=gantry-1785429457:0
[    3807ms] [INFO] Jul-30 20:01:05.286 [API-Q] (T023EV54RR7) noversion-1785434465.127 developer.apps.info is RESOLVED @ https://a.slack-edge.com/bv1-13-br/gantry-v2-shared.180758f5a33ab48a.min.js?cacheKey=gantry-1785429457:0
[    3814ms] [INFO] Jul-30 20:01:05.292 [API-Q] (T023EV54RR7) noversion-1785434465.130 developer.apps.beta.info is RESOLVED @ https://a.slack-edge.com/bv1-13-br/gantry-v2-shared.180758f5a33ab48a.min.js?cacheKey=gantry-1785429457:0
[    3827ms] [INFO] Jul-30 20:01:05.306 [API-Q] (T023EV54RR7) noversion-1785434465.131 developer.appdirectory.submissions.info is RESOLVED @ https://a.slack-edge.com/bv1-13-br/gantry-v2-shared.180758f5a33ab48a.min.js?cacheKey=gantry-1785429457:0
[    3828ms] [INFO] Jul-30 20:01:05.306 [UFM-APPSUBMISSIONS] (T023EV54RR7) received A0B5MQSHE65 (1) @ https://a.slack-edge.com/bv1-13-br/gantry-v2-shared.180758f5a33ab48a.min.js?cacheKey=gantry-1785429457:0
[    3886ms] [INFO] Jul-30 20:01:05.363 [API-Q] (T023EV54RR7) noversion-1785434465.363 developer.apps.config.listInstalledScopes called with reason: app_config_reinstall_banner @ https://a.slack-edge.com/bv1-13-br/gantry-v2-shared.180758f5a33ab48a.min.js?cacheKey=gantry-1785429457:0
[    3887ms] [INFO] Jul-30 20:01:05.365 [API-Q] (T023EV54RR7) noversion-1785434465.363 developer.apps.config.listInstalledScopes is ENQUEUED @ https://a.slack-edge.com/bv1-13-br/gantry-v2-shared.180758f5a33ab48a.min.js?cacheKey=gantry-1785429457:0
[    3890ms] [INFO] Jul-30 20:01:05.369 [API-Q] (T023EV54RR7) noversion-1785434465.368 developer.apps.scope.list called with reason: app_submission_nav @ https://a.slack-edge.com/bv1-13-br/gantry-v2-shared.180758f5a33ab48a.min.js?cacheKey=gantry-1785429457:0
[    3891ms] [INFO] Jul-30 20:01:05.370 [API-Q] (T023EV54RR7) noversion-1785434465.368 developer.apps.scope.list is ENQUEUED @ https://a.slack-edge.com/bv1-13-br/gantry-v2-shared.180758f5a33ab48a.min.js?cacheKey=gantry-1785429457:0
[    3893ms] [INFO] Jul-30 20:01:05.371 [API-Q] (T023EV54RR7) noversion-1785434465.371 developer.apps.appLevelTokens.list called with reason: list_app_level_tokens @ https://a.slack-edge.com/bv1-13-br/gantry-v2-shared.180758f5a33ab48a.min.js?cacheKey=gantry-1785429457:0
[    3894ms] [INFO] Jul-30 20:01:05.372 [API-Q] (T023EV54RR7) noversion-1785434465.371 developer.apps.appLevelTokens.list is ENQUEUED @ https://a.slack-edge.com/bv1-13-br/gantry-v2-shared.180758f5a33ab48a.min.js?cacheKey=gantry-1785429457:0
[    3909ms] [INFO] Jul-30 20:01:05.387 [API-Q] (T023EV54RR7) noversion-1785434465.363 developer.apps.config.listInstalledScopes is ACTIVE @ https://a.slack-edge.com/bv1-13-br/gantry-v2-shared.180758f5a33ab48a.min.js?cacheKey=gantry-1785429457:0
[    3909ms] [INFO] Jul-30 20:01:05.388 [API-Q] (T023EV54RR7) noversion-1785434465.368 developer.apps.scope.list is ACTIVE @ https://a.slack-edge.com/bv1-13-br/gantry-v2-shared.180758f5a33ab48a.min.js?cacheKey=gantry-1785429457:0
[    3910ms] [INFO] Jul-30 20:01:05.388 [API-Q] (T023EV54RR7) noversion-1785434465.371 developer.apps.appLevelTokens.list is ACTIVE @ https://a.slack-edge.com/bv1-13-br/gantry-v2-shared.180758f5a33ab48a.min.js?cacheKey=gantry-1785429457:0
[    3912ms] [INFO] Jul-30 20:01:05.391 [API-Q] (T023EV54RR7) noversion-1785434465.390 developer.appdirectory.submissions.info called with reason: fetch_app_submission_info_by_id @ https://a.slack-edge.com/bv1-13-br/gantry-v2-shared.180758f5a33ab48a.min.js?cacheKey=gantry-1785429457:0
[    3913ms] [INFO] Jul-30 20:01:05.391 [API-Q] (T023EV54RR7) noversion-1785434465.390 developer.appdirectory.submissions.info is ENQUEUED @ https://a.slack-edge.com/bv1-13-br/gantry-v2-shared.180758f5a33ab48a.min.js?cacheKey=gantry-1785429457:0
[    3913ms] [INFO] Jul-30 20:01:05.392 [API-Q] (T023EV54RR7) noversion-1785434465.390 developer.appdirectory.submissions.info is ACTIVE @ https://a.slack-edge.com/bv1-13-br/gantry-v2-shared.180758f5a33ab48a.min.js?cacheKey=gantry-1785429457:0
[    4019ms] [INFO] Jul-30 20:01:05.498 [API-Q] (T023EV54RR7) noversion-1785434465.268 Flannel users/info is RESOLVED @ https://a.slack-edge.com/bv1-13-br/gantry-v2-shared.180758f5a33ab48a.min.js?cacheKey=gantry-1785429457:0
[    4020ms] [INFO] Jul-30 20:01:05.499 [UFM-MEMBERS] (T023EV54RR7) received U07DB40NK51 (1) @ https://a.slack-edge.com/bv1-13-br/gantry-v2-shared.180758f5a33ab48a.min.js?cacheKey=gantry-1785429457:0
[    4026ms] [INFO] Jul-30 20:01:05.504 [GS_REQUEST] (T023EV54RR7) received a user_change_subscribe_request call while we are not connected; deferring @ https://a.slack-edge.com/bv1-13-br/gantry-v2-shared.180758f5a33ab48a.min.js?cacheKey=gantry-1785429457:0
[    4027ms] [INFO] Jul-30 20:01:05.506 [API-Q] (T023EV54RR7) noversion-1785434465.505 Flannel users/info called with reason: flannel-call:users/info @ https://a.slack-edge.com/bv1-13-br/gantry-v2-shared.180758f5a33ab48a.min.js?cacheKey=gantry-1785429457:0
[    4027ms] [INFO] Jul-30 20:01:05.506 [API-Q] (T023EV54RR7) noversion-1785434465.505 Flannel users/info is ENQUEUED @ https://a.slack-edge.com/bv1-13-br/gantry-v2-shared.180758f5a33ab48a.min.js?cacheKey=gantry-1785429457:0
[    4028ms] [INFO] Jul-30 20:01:05.506 [API-Q] (T023EV54RR7) noversion-1785434465.505 Flannel users/info is ACTIVE @ https://a.slack-edge.com/bv1-13-br/gantry-v2-shared.180758f5a33ab48a.min.js?cacheKey=gantry-1785429457:0
[    4048ms] [INFO] Jul-30 20:01:05.527 [API-Q] (T023EV54RR7) noversion-1785434465.363 developer.apps.config.listInstalledScopes is RESOLVED @ https://a.slack-edge.com/bv1-13-br/gantry-v2-shared.180758f5a33ab48a.min.js?cacheKey=gantry-1785429457:0
[    4050ms] [INFO] Jul-30 20:01:05.528 [API-Q] (T023EV54RR7) noversion-1785434465.505 Flannel users/info is RESOLVED @ https://a.slack-edge.com/bv1-13-br/gantry-v2-shared.180758f5a33ab48a.min.js?cacheKey=gantry-1785429457:0
[    4069ms] [INFO] Jul-30 20:01:05.547 [API-Q] (T023EV54RR7) noversion-1785434465.371 developer.apps.appLevelTokens.list is RESOLVED @ https://a.slack-edge.com/bv1-13-br/gantry-v2-shared.180758f5a33ab48a.min.js?cacheKey=gantry-1785429457:0
[    4070ms] [INFO] Jul-30 20:01:05.548 [API-Q] (T023EV54RR7) noversion-1785434465.390 developer.appdirectory.submissions.info is RESOLVED @ https://a.slack-edge.com/bv1-13-br/gantry-v2-shared.180758f5a33ab48a.min.js?cacheKey=gantry-1785429457:0
[    4191ms] [INFO] Jul-30 20:01:05.669 [API-Q] (T023EV54RR7) noversion-1785434465.368 developer.apps.scope.list is RESOLVED @ https://a.slack-edge.com/bv1-13-br/gantry-v2-shared.180758f5a33ab48a.min.js?cacheKey=gantry-1785429457:0
