[       4ms] [WARNING] Jul-30 20:01:17.438 Couldn't complete metrics measurement for start mark 'session_lifespan' @ https://a.slack-edge.com/bv1-13-br/modern.vendor.8794e31bb8903f0e.min.js:3720
[       4ms] [WARNING] Jul-30 20:01:17.438 Couldn't complete metrics measurement for start mark 'session_lifespan' @ https://a.slack-edge.com/bv1-13-br/modern.vendor.8794e31bb8903f0e.min.js:3720
[       5ms] [INFO] Jul-30 20:01:17.440 [WINDOW-UNLOADING] (T023EV54RR7) workspace handling window unloading event @ https://a.slack-edge.com/bv1-13-br/modern.vendor.8794e31bb8903f0e.min.js:3720
[     123ms] [ERROR] Access to XMLHttpRequest at 'https://slack.com/clog/track/' from origin 'https://api.slack.com' has been blocked by CORS policy: No 'Access-Control-Allow-Origin' header is present on the requested resource. @ https://api.slack.com/apps/A0B5MQSHE65/general:0
[     123ms] [ERROR] Failed to load resource: net::ERR_FAILED @ https://slack.com/clog/track/:0
[     589ms] [LOG] JQMIGRATE: Migrate is installed with logging active, version 3.4.0 @ https://a.slack-edge.com/bv1-13-br/rollup-core_required_libs.74a908cd0c361a51.min.js:128
[     907ms] [INFO] Jul-30 20:01:18.342 [BOOT] booted! pri:0 version:1785429186 start_ms:1785434477989 (353ms ago) @ https://a.slack-edge.com/bv1-13-br/modern.vendor.8794e31bb8903f0e.min.js:3720
[     912ms] [INFO] Jul-30 20:01:18.346 [TRACER] Tracing is not sampled by default for this session. @ https://a.slack-edge.com/bv1-13-br/modern.vendor.8794e31bb8903f0e.min.js:3720
[     916ms] [VERBOSE] [DOM] Input elements should have autocomplete attributes (suggested: "new-password"): (More info: https://goo.gl/9p2vKq) @ https://api.slack.com/apps/A0BLHCTS1AT:0
[     916ms] [VERBOSE] [DOM] Input elements should have autocomplete attributes (suggested: "new-password"): (More info: https://goo.gl/9p2vKq) @ https://api.slack.com/apps/A0BLHCTS1AT:0
[     934ms] [INFO] Jul-30 20:01:18.369 [METRICS] Starting timers for metrics collection @ https://a.slack-edge.com/bv1-13-br/modern.vendor.8794e31bb8903f0e.min.js:3720
[     935ms] [WARNING] Jul-30 20:01:18.369 Couldn't complete metrics measurement for start mark 'navigationStart' @ https://a.slack-edge.com/bv1-13-br/modern.vendor.8794e31bb8903f0e.min.js:3720
[     956ms] [INFO] Jul-30 20:01:18.390 [INFO] running without a user @ https://a.slack-edge.com/bv1-13-br/modern.vendor.8794e31bb8903f0e.min.js:3720
[     966ms] [INFO] Jul-30 20:01:18.401 [UFM-MEMBERS] (T023EV54RR7) requesting U07DB40NK51 (1) @ https://a.slack-edge.com/bv1-13-br/modern.vendor.8794e31bb8903f0e.min.js:3720
[     967ms] [WARNING] Jul-30 20:01:18.401 TRACES You tried to get a team-specific tracer but didn’t provide enough context and are getting the generic tracer instead which is likely not what you want. @ https://a.slack-edge.com/bv1-13-br/modern.vendor.8794e31bb8903f0e.min.js:3720
[     968ms] [WARNING] Jul-30 20:01:18.402 TRACES You tried to get a team-specific tracer but didn’t provide enough context and are getting the generic tracer instead which is likely not what you want. @ https://a.slack-edge.com/bv1-13-br/modern.vendor.8794e31bb8903f0e.min.js:3720
[     968ms] [INFO] Jul-30 20:01:18.403 [API-Q] (T023EV54RR7) 2c20e962-1785434478.401 api.getFlannelHttpUrl called with reason: client-needs-valid-flannel-url @ https://a.slack-edge.com/bv1-13-br/modern.vendor.8794e31bb8903f0e.min.js:3720
[     968ms] [INFO] Jul-30 20:01:18.403 [API-Q] (T023EV54RR7) 2c20e962-1785434478.401 api.getFlannelHttpUrl is ENQUEUED @ https://a.slack-edge.com/bv1-13-br/modern.vendor.8794e31bb8903f0e.min.js:3720
[     969ms] [INFO] Jul-30 20:01:18.404 [UFM-TEAMS] (T023EV54RR7) requesting T023EV54RR7 (1) @ https://a.slack-edge.com/bv1-13-br/modern.vendor.8794e31bb8903f0e.min.js:3720
[     970ms] [WARNING] Jul-30 20:01:18.404 TRACES You tried to get a team-specific tracer but didn’t provide enough context and are getting the generic tracer instead which is likely not what you want. @ https://a.slack-edge.com/bv1-13-br/modern.vendor.8794e31bb8903f0e.min.js:3720
[     970ms] [WARNING] Jul-30 20:01:18.405 TRACES You tried to get a team-specific tracer but didn’t provide enough context and are getting the generic tracer instead which is likely not what you want. @ https://a.slack-edge.com/bv1-13-br/modern.vendor.8794e31bb8903f0e.min.js:3720
[     970ms] [INFO] Jul-30 20:01:18.405 [API-Q] (T023EV54RR7) 2c20e962-1785434478.404 team.info called with reason: UnknownFetchManager @ https://a.slack-edge.com/bv1-13-br/modern.vendor.8794e31bb8903f0e.min.js:3720
[     971ms] [INFO] Jul-30 20:01:18.405 [API-Q] (T023EV54RR7) 2c20e962-1785434478.404 team.info is ENQUEUED @ https://a.slack-edge.com/bv1-13-br/modern.vendor.8794e31bb8903f0e.min.js:3720
[     985ms] [WARNING] Jul-30 20:01:18.419 TRACES You tried to get a team-specific tracer but didn’t provide enough context and are getting the generic tracer instead which is likely not what you want. @ https://a.slack-edge.com/bv1-13-br/modern.vendor.8794e31bb8903f0e.min.js:3720
[     985ms] [WARNING] Jul-30 20:01:18.420 TRACES You tried to get a team-specific tracer but didn’t provide enough context and are getting the generic tracer instead which is likely not what you want. @ https://a.slack-edge.com/bv1-13-br/modern.vendor.8794e31bb8903f0e.min.js:3720
[     986ms] [INFO] Jul-30 20:01:18.420 [API-Q] (T023EV54RR7) 2c20e962-1785434478.419 developer.apps.appLevelTokens.list called with reason: list_app_level_tokens @ https://a.slack-edge.com/bv1-13-br/modern.vendor.8794e31bb8903f0e.min.js:3720
[     986ms] [INFO] Jul-30 20:01:18.420 [API-Q] (T023EV54RR7) 2c20e962-1785434478.419 developer.apps.appLevelTokens.list is ENQUEUED @ https://a.slack-edge.com/bv1-13-br/modern.vendor.8794e31bb8903f0e.min.js:3720
[    1103ms] [INFO] Jul-30 20:01:18.537 [API-Q] (T023EV54RR7) 2c20e962-1785434478.401 api.getFlannelHttpUrl is ACTIVE @ https://a.slack-edge.com/bv1-13-br/modern.vendor.8794e31bb8903f0e.min.js:3720
[    1103ms] [INFO] Jul-30 20:01:18.538 [API-Q] (T023EV54RR7) 2c20e962-1785434478.404 team.info is ACTIVE @ https://a.slack-edge.com/bv1-13-br/modern.vendor.8794e31bb8903f0e.min.js:3720
[    1104ms] [INFO] Jul-30 20:01:18.538 [API-Q] (T023EV54RR7) 2c20e962-1785434478.419 developer.apps.appLevelTokens.list is ACTIVE @ https://a.slack-edge.com/bv1-13-br/modern.vendor.8794e31bb8903f0e.min.js:3720
[    1235ms] [INFO] Jul-30 20:01:18.669 [API-Q] (T023EV54RR7) 2c20e962-1785434478.404 team.info is RESOLVED @ https://a.slack-edge.com/bv1-13-br/modern.vendor.8794e31bb8903f0e.min.js:3720
[    1235ms] [INFO] Jul-30 20:01:18.670 [UFM-TEAMS] (T023EV54RR7) received T023EV54RR7 (1) @ https://a.slack-edge.com/bv1-13-br/modern.vendor.8794e31bb8903f0e.min.js:3720
[    1241ms] [INFO] Jul-30 20:01:18.676 [API-Q] (T023EV54RR7) 2c20e962-1785434478.401 api.getFlannelHttpUrl is RESOLVED @ https://a.slack-edge.com/bv1-13-br/modern.vendor.8794e31bb8903f0e.min.js:3720
[    1242ms] [WARNING] Jul-30 20:01:18.677 TRACES You tried to get a team-specific tracer but didn’t provide enough context and are getting the generic tracer instead which is likely not what you want. @ https://a.slack-edge.com/bv1-13-br/modern.vendor.8794e31bb8903f0e.min.js:3720
[    1243ms] [WARNING] Jul-30 20:01:18.677 TRACES You tried to get a team-specific tracer but didn’t provide enough context and are getting the generic tracer instead which is likely not what you want. @ https://a.slack-edge.com/bv1-13-br/modern.vendor.8794e31bb8903f0e.min.js:3720
[    1243ms] [INFO] Jul-30 20:01:18.677 [API-Q] (T023EV54RR7) noversion-1785434478.677 Flannel users/info called with reason: flannel-call:users/info @ https://a.slack-edge.com/bv1-13-br/modern.vendor.8794e31bb8903f0e.min.js:3720
[    1243ms] [INFO] Jul-30 20:01:18.677 [API-Q] (T023EV54RR7) noversion-1785434478.677 Flannel users/info is ENQUEUED @ https://a.slack-edge.com/bv1-13-br/modern.vendor.8794e31bb8903f0e.min.js:3720
[    1243ms] [INFO] Jul-30 20:01:18.678 [API-Q] (T023EV54RR7) noversion-1785434478.677 Flannel users/info is ACTIVE @ https://a.slack-edge.com/bv1-13-br/modern.vendor.8794e31bb8903f0e.min.js:3720
[    1244ms] [INFO] Jul-30 20:01:18.679 [API-Q] (T023EV54RR7) 2c20e962-1785434478.419 developer.apps.appLevelTokens.list is RESOLVED @ https://a.slack-edge.com/bv1-13-br/modern.vendor.8794e31bb8903f0e.min.js:3720
[    1265ms] [INFO] Jul-30 20:01:18.700 [API-Q] (T023EV54RR7) noversion-1785434478.677 Flannel users/info is RESOLVED @ https://a.slack-edge.com/bv1-13-br/modern.vendor.8794e31bb8903f0e.min.js:3720
[    1266ms] [INFO] Jul-30 20:01:18.700 [UFM-MEMBERS] (T023EV54RR7) received U07DB40NK51 (1) @ https://a.slack-edge.com/bv1-13-br/modern.vendor.8794e31bb8903f0e.min.js:3720
