[     836ms] [LOG] JQMIGRATE: Migrate is installed with logging active, version 3.4.0 @ https://a.slack-edge.com/bv1-13-br/rollup-core_required_libs.74a908cd0c361a51.min.js:128
[    4737ms] [INFO] Jul-30 19:58:34.913 [BOOT] booted! pri:0 version:1785429186 start_ms:1785434310987 (3925ms ago) @ https://a.slack-edge.com/bv1-13-br/modern.vendor.8794e31bb8903f0e.min.js:3720
[    4752ms] [WARNING] Jul-30 19:58:34.951 (T00000000) Clogger context could not be determined, using empty context @ https://a.slack-edge.com/bv1-13-br/modern.vendor.8794e31bb8903f0e.min.js:3720
[    4753ms] [INFO] Jul-30 19:58:34.959 [TRACER] Tracing is not sampled by default for this session. @ https://a.slack-edge.com/bv1-13-br/modern.vendor.8794e31bb8903f0e.min.js:3720
[    4773ms] [WARNING] Error in Optanon wrapper, please review your code. ReferenceError: loadGTM is not defined @ https://cdn.cookielaw.org/scripttemplates/202604.2.0/otBannerSdk.js:6
[    4779ms] [WARNING] Jul-30 19:58:34.985 TELEMETRY You tried to get a team-specific telemeter but didn’t provide enough context and are getting the generic telemeter instead which is likely not what you want. @ https://a.slack-edge.com/bv1-13-br/modern.vendor.8794e31bb8903f0e.min.js:3720
[    4937ms] [INFO] Jul-30 19:58:35.143 [INFO] running without a user @ https://a.slack-edge.com/bv1-13-br/modern.vendor.8794e31bb8903f0e.min.js:3720
[    4948ms] [WARNING] Jul-30 19:58:35.153 TELEMETRY You tried to get a team-specific telemeter but didn’t provide enough context and are getting the generic telemeter instead which is likely not what you want. @ https://a.slack-edge.com/bv1-13-br/modern.vendor.8794e31bb8903f0e.min.js:3720
[   26502ms] [INFO] Jul-30 19:58:56.708 [WINDOW-UNLOADING] (T00000000) workspace handling window unloading event @ https://a.slack-edge.com/bv1-13-br/modern.vendor.8794e31bb8903f0e.min.js:3720
[   27928ms] [INFO] Jul-30 19:58:58.134 [TRACER] Tracing is not sampled by default for this session. @ https://a.slack-edge.com/bv1-13-br/get-started.1c8b810be8aeecc2.primer.min.js:157
[   27932ms] [INFO] Jul-30 19:58:58.139 [METRICS] Starting timers for metrics collection @ https://a.slack-edge.com/bv1-13-br/get-started.1c8b810be8aeecc2.primer.min.js:157
[   27940ms] [WARNING] Jul-30 19:58:58.145 TELEMETRY You tried to get a team-specific telemeter but didn’t provide enough context and are getting the generic telemeter instead which is likely not what you want. @ https://a.slack-edge.com/bv1-13-br/get-started.1c8b810be8aeecc2.primer.min.js:157
[   27944ms] [WARNING] Jul-30 19:58:58.150 TELEMETRY You tried to get a team-specific telemeter but didn’t provide enough context and are getting the generic telemeter instead which is likely not what you want. @ https://a.slack-edge.com/bv1-13-br/get-started.1c8b810be8aeecc2.primer.min.js:157
[   27951ms] [WARNING] Jul-30 19:58:58.157 TELEMETRY You tried to get a team-specific telemeter but didn’t provide enough context and are getting the generic telemeter instead which is likely not what you want. @ https://a.slack-edge.com/bv1-13-br/get-started.1c8b810be8aeecc2.primer.min.js:157
[   27983ms] [LOG] 11 CDN assets loaded OK @ https://slack.com/signin:144
[   28011ms] [WARNING] Jul-30 19:58:58.217 TELEMETRY You tried to get a team-specific telemeter but didn’t provide enough context and are getting the generic telemeter instead which is likely not what you want. @ https://a.slack-edge.com/bv1-13-br/get-started.1c8b810be8aeecc2.primer.min.js:157
[   28035ms] [WARNING] Jul-30 19:58:58.241 TRACES You tried to get a team-specific tracer but didn’t provide enough context and are getting the generic tracer instead which is likely not what you want. @ https://a.slack-edge.com/bv1-13-br/get-started.1c8b810be8aeecc2.primer.min.js:157
[   28038ms] [WARNING] Jul-30 19:58:58.245 TRACES You tried to get a team-specific tracer but didn’t provide enough context and are getting the generic tracer instead which is likely not what you want. @ https://a.slack-edge.com/bv1-13-br/get-started.1c8b810be8aeecc2.primer.min.js:157
[   28039ms] [INFO] Jul-30 19:58:58.245 [API-Q] (T00000000) noversion-1785434338.243 signin.findWorkspaces called with reason: get_started_already_signed_into @ https://a.slack-edge.com/bv1-13-br/get-started.1c8b810be8aeecc2.primer.min.js:157
[   28040ms] [INFO] Jul-30 19:58:58.246 [API-Q] (T00000000) noversion-1785434338.243 signin.findWorkspaces is ENQUEUED @ https://a.slack-edge.com/bv1-13-br/get-started.1c8b810be8aeecc2.primer.min.js:157
[   28142ms] [INFO] Jul-30 19:58:58.349 [API-Q] (T00000000) noversion-1785434338.243 signin.findWorkspaces is ACTIVE @ https://a.slack-edge.com/bv1-13-br/get-started.1c8b810be8aeecc2.primer.min.js:157
[   28297ms] [INFO] Jul-30 19:58:58.504 [API-Q] (T00000000) noversion-1785434338.243 signin.findWorkspaces is RESOLVED @ https://a.slack-edge.com/bv1-13-br/get-started.1c8b810be8aeecc2.primer.min.js:157
[   28305ms] [WARNING] Jul-30 19:58:58.511 TRACES You tried to get a team-specific tracer but didn’t provide enough context and are getting the generic tracer instead which is likely not what you want. @ https://a.slack-edge.com/bv1-13-br/get-started.1c8b810be8aeecc2.primer.min.js:157
[   28307ms] [WARNING] Jul-30 19:58:58.513 TRACES You tried to get a team-specific tracer but didn’t provide enough context and are getting the generic tracer instead which is likely not what you want. @ https://a.slack-edge.com/bv1-13-br/get-started.1c8b810be8aeecc2.primer.min.js:157
[   28308ms] [INFO] Jul-30 19:58:58.514 [API-Q] (T00000000) noversion-1785434338.512 signin.findWorkspaces called with reason: get_started_already_signed_into @ https://a.slack-edge.com/bv1-13-br/get-started.1c8b810be8aeecc2.primer.min.js:157
[   28310ms] [INFO] Jul-30 19:58:58.516 [API-Q] (T00000000) noversion-1785434338.512 signin.findWorkspaces is ENQUEUED @ https://a.slack-edge.com/bv1-13-br/get-started.1c8b810be8aeecc2.primer.min.js:157
[   28311ms] [INFO] Jul-30 19:58:58.518 [API-Q] (T00000000) noversion-1785434338.512 signin.findWorkspaces is ACTIVE @ https://a.slack-edge.com/bv1-13-br/get-started.1c8b810be8aeecc2.primer.min.js:157
[   29209ms] [INFO] Jul-30 19:58:59.415 [API-Q] (T00000000) noversion-1785434338.512 signin.findWorkspaces is RESOLVED @ https://a.slack-edge.com/bv1-13-br/get-started.1c8b810be8aeecc2.primer.min.js:157
[   45134ms] [WARNING] Jul-30 19:59:15.340 TRACES You tried to get a team-specific tracer but didn’t provide enough context and are getting the generic tracer instead which is likely not what you want. @ https://a.slack-edge.com/bv1-13-br/get-started.1c8b810be8aeecc2.primer.min.js:157
[   45134ms] [WARNING] Jul-30 19:59:15.341 TRACES You tried to get a team-specific tracer but didn’t provide enough context and are getting the generic tracer instead which is likely not what you want. @ https://a.slack-edge.com/bv1-13-br/get-started.1c8b810be8aeecc2.primer.min.js:157
[   45134ms] [INFO] Jul-30 19:59:15.341 [API-Q] (T00000000) noversion-1785434355.340 auth.captcha called with reason: fetch-auth-captcha-signin @ https://a.slack-edge.com/bv1-13-br/get-started.1c8b810be8aeecc2.primer.min.js:157
[   45134ms] [INFO] Jul-30 19:59:15.341 [API-Q] (T00000000) noversion-1785434355.340 auth.captcha is ENQUEUED @ https://a.slack-edge.com/bv1-13-br/get-started.1c8b810be8aeecc2.primer.min.js:157
[   45135ms] [INFO] Jul-30 19:59:15.342 [API-Q] (T00000000) noversion-1785434355.340 auth.captcha is ACTIVE @ https://a.slack-edge.com/bv1-13-br/get-started.1c8b810be8aeecc2.primer.min.js:157
[   45264ms] [INFO] Jul-30 19:59:15.470 [API-Q] (T00000000) noversion-1785434355.340 auth.captcha is RESOLVED @ https://a.slack-edge.com/bv1-13-br/get-started.1c8b810be8aeecc2.primer.min.js:157
[   61176ms] [WARNING] Jul-30 19:59:31.382 TELEMETRY You tried to get a team-specific telemeter but didn’t provide enough context and are getting the generic telemeter instead which is likely not what you want. @ https://a.slack-edge.com/bv1-13-br/get-started.1c8b810be8aeecc2.primer.min.js:157
[   61179ms] [WARNING] Jul-30 19:59:31.385 TELEMETRY You tried to get a team-specific telemeter but didn’t provide enough context and are getting the generic telemeter instead which is likely not what you want. @ https://a.slack-edge.com/bv1-13-br/get-started.1c8b810be8aeecc2.primer.min.js:157
[   61190ms] [WARNING] Jul-30 19:59:31.396 (T00000000) [PORTABLE-REACT-MODAL] Unable to find undefined @ https://a.slack-edge.com/bv1-13-br/get-started.1c8b810be8aeecc2.primer.min.js:157
[   91162ms] [WARNING] Jul-30 20:00:01.369 TRACES You tried to get a team-specific tracer but didn’t provide enough context and are getting the generic tracer instead which is likely not what you want. @ https://a.slack-edge.com/bv1-13-br/get-started.1c8b810be8aeecc2.primer.min.js:157
[   91163ms] [WARNING] Jul-30 20:00:01.369 TRACES You tried to get a team-specific tracer but didn’t provide enough context and are getting the generic tracer instead which is likely not what you want. @ https://a.slack-edge.com/bv1-13-br/get-started.1c8b810be8aeecc2.primer.min.js:157
[   91163ms] [INFO] Jul-30 20:00:01.369 [API-Q] (T00000000) noversion-1785434401.369 signin.findWorkspaces called with reason: get_started_workspaces @ https://a.slack-edge.com/bv1-13-br/get-started.1c8b810be8aeecc2.primer.min.js:157
[   91163ms] [INFO] Jul-30 20:00:01.370 [API-Q] (T00000000) noversion-1785434401.369 signin.findWorkspaces is ENQUEUED @ https://a.slack-edge.com/bv1-13-br/get-started.1c8b810be8aeecc2.primer.min.js:157
[   91164ms] [INFO] Jul-30 20:00:01.370 [API-Q] (T00000000) noversion-1785434401.369 signin.findWorkspaces is ACTIVE @ https://a.slack-edge.com/bv1-13-br/get-started.1c8b810be8aeecc2.primer.min.js:157
[   91165ms] [WARNING] Jul-30 20:00:01.371 TELEMETRY You tried to get a team-specific telemeter but didn’t provide enough context and are getting the generic telemeter instead which is likely not what you want. @ https://a.slack-edge.com/bv1-13-br/get-started.1c8b810be8aeecc2.primer.min.js:157
[   91324ms] [INFO] Jul-30 20:00:01.530 [API-Q] (T00000000) noversion-1785434401.369 signin.findWorkspaces is RESOLVED @ https://a.slack-edge.com/bv1-13-br/get-started.1c8b810be8aeecc2.primer.min.js:157
[   91326ms] [WARNING] Jul-30 20:00:01.533 TELEMETRY You tried to get a team-specific telemeter but didn’t provide enough context and are getting the generic telemeter instead which is likely not what you want. @ https://a.slack-edge.com/bv1-13-br/get-started.1c8b810be8aeecc2.primer.min.js:157
[   91328ms] [WARNING] Jul-30 20:00:01.534 TELEMETRY You tried to get a team-specific telemeter but didn’t provide enough context and are getting the generic telemeter instead which is likely not what you want. @ https://a.slack-edge.com/bv1-13-br/get-started.1c8b810be8aeecc2.primer.min.js:157
