[     401ms] [INFO] %cDownload the React DevTools for a better development experience: https://react.dev/link/react-devtools font-weight:bold @ http://localhost:5173/node_modules/.vite/deps/react-dom_client.js?v=d4aafa4d:20102
[   31820ms] [ERROR] %o

%s

%s
 ReferenceError: totalCost is not defined
    at Billing (http://localhost:5173/src/pages/Billing.tsx?t=1785342487261:110:24)
    at Object.react_stack_bottom_frame (http://localhost:5173/node_modules/.vite/deps/react-dom_client.js?v=d4aafa4d:18509:20)
    at renderWithHooks (http://localhost:5173/node_modules/.vite/deps/react-dom_client.js?v=d4aafa4d:5654:24)
    at updateFunctionComponent (http://localhost:5173/node_modules/.vite/deps/react-dom_client.js?v=d4aafa4d:7475:21)
    at beginWork (http://localhost:5173/node_modules/.vite/deps/react-dom_client.js?v=d4aafa4d:8525:20)
    at runWithFiberInDEV (http://localhost:5173/node_modules/.vite/deps/react-dom_client.js?v=d4aafa4d:997:72)
    at performUnitOfWork (http://localhost:5173/node_modules/.vite/deps/react-dom_client.js?v=d4aafa4d:12561:98)
    at workLoopSync (http://localhost:5173/node_modules/.vite/deps/react-dom_client.js?v=d4aafa4d:12424:43)
    at renderRootSync (http://localhost:5173/node_modules/.vite/deps/react-dom_client.js?v=d4aafa4d:12408:13)
    at performWorkOnRoot (http://localhost:5173/node_modules/.vite/deps/react-dom_client.js?v=d4aafa4d:11827:37) The above error occurred in the <Billing> component. React will try to recreate this component tree from scratch using the error boundary you provided, ErrorBoundary. @ http://localhost:5173/node_modules/.vite/deps/react-dom_client.js?v=d4aafa4d:7000
[   31823ms] [ERROR] Error: totalCost is not defined @ http://localhost:5173/src/components/ErrorBoundary.tsx:13
[   31823ms] [ERROR] Stack: ReferenceError: totalCost is not defined
    at Billing (http://localhost:5173/src/pages/Billing.tsx?t=1785342487261:110:24)
    at Object.react_stack_bottom_frame (http://localhost:5173/node_modules/.vite/deps/react-dom_client.js?v=d4aafa4d:18509:20)
    at renderWithHooks (http://localhost:5173/node_modules/.vite/deps/react-dom_client.js?v=d4aafa4d:5654:24)
    at updateFunctionComponent (http://localhost:5173/node_modules/.vite/deps/react-dom_client.js?v=d4aafa4d:7475:21)
    at beginWork (http://localhost:5173/node_modules/.vite/deps/react-dom_client.js?v=d4aafa4d:8525:20)
    at runWithFiberInDEV (http://localhost:5173/node_modules/.vite/deps/react-dom_client.js?v=d4aafa4d:997:72)
    at performUnitOfWork (http://localhost:5173/node_modules/.vite/deps/react-dom_client.js?v=d4aafa4d:12561:98)
    at workLoopSync (http://localhost:5173/node_modules/.vite/deps/react-dom_client.js?v=d4aafa4d:12424:43)
    at renderRootSync (http://localhost:5173/node_modules/.vite/deps/react-dom_client.js?v=d4aafa4d:12408:13)
    at performWorkOnRoot (http://localhost:5173/node_modules/.vite/deps/react-dom_client.js?v=d4aafa4d:11827:37) @ http://localhost:5173/src/components/ErrorBoundary.tsx:14
[   31823ms] [ERROR] Component stack: 
    at Billing (http://localhost:5173/src/pages/Billing.tsx?t=1785342487261:36:27)
    at RenderedRoute (http://localhost:5173/node_modules/.vite/deps/react-router-dom.js?v=d4aafa4d:6626:26)
    at Outlet (http://localhost:5173/node_modules/.vite/deps/react-router-dom.js?v=d4aafa4d:7491:26)
    at main (<anonymous>)
    at div (<anonymous>)
    at div (<anonymous>)
    at Layout (http://localhost:5173/src/components/Layout.tsx?t=1785335181681:32:28)
    at ProtectedRoute (http://localhost:5173/src/components/ProtectedRoute.tsx?t=1785332466346:20:42)
    at RenderedRoute (http://localhost:5173/node_modules/.vite/deps/react-router-dom.js?v=d4aafa4d:6626:26)
    at Routes (http://localhost:5173/node_modules/.vite/deps/react-router-dom.js?v=d4aafa4d:7561:3)
    at div (<anonymous>)
    at ErrorBoundary (http://localhost:5173/src/components/ErrorBoundary.tsx:28:5)
    at App (http://localhost:5173/src/App.tsx?t=1785339059923:47:42)
    at OfflineWrapper (http://localhost:5173/src/main.tsx?t=1785339059923:30:25)
    at AuthProvider (http://localhost:5173/src/context/AuthContext.tsx?t=1785332466346:21:32)
    at I18nProvider (http://localhost:5173/src/i18n/I18nProvider.tsx:22:32)
    at Router (http://localhost:5173/node_modules/.vite/deps/react-router-dom.js?v=d4aafa4d:7500:13)
    at BrowserRouter (http://localhost:5173/node_modules/.vite/deps/react-router-dom.js?v=d4aafa4d:10787:3)
    at ThemeProvider (http://localhost:5173/src/context/ThemeContext.tsx:34:33) @ http://localhost:5173/src/components/ErrorBoundary.tsx:15
