[       4ms] [WARNING] Jul-30 20:02:23.663 Couldn't complete metrics measurement for start mark 'session_lifespan' @ https://a.slack-edge.com/bv1-13-br/modern.vendor.8794e31bb8903f0e.min.js:3720
[       4ms] [WARNING] Jul-30 20:02:23.663 Couldn't complete metrics measurement for start mark 'session_lifespan' @ https://a.slack-edge.com/bv1-13-br/modern.vendor.8794e31bb8903f0e.min.js:3720
[       5ms] [INFO] Jul-30 20:02:23.664 [WINDOW-UNLOADING] (T023EV54RR7) workspace handling window unloading event @ https://a.slack-edge.com/bv1-13-br/modern.vendor.8794e31bb8903f0e.min.js:3720
[     604ms] [LOG] JQMIGRATE: Migrate is installed with logging active, version 3.4.0 @ https://a.slack-edge.com/bv1-13-br/rollup-core_required_libs.74a908cd0c361a51.min.js:128
[     954ms] [INFO] Jul-30 20:02:24.614 [BOOT] booted! pri:0 version:1785429186 start_ms:1785434544238 (376ms ago) @ https://a.slack-edge.com/bv1-13-br/modern.vendor.8794e31bb8903f0e.min.js:3720
[     959ms] [INFO] Jul-30 20:02:24.619 [TRACER] Tracing is not sampled by default for this session. @ https://a.slack-edge.com/bv1-13-br/modern.vendor.8794e31bb8903f0e.min.js:3720
[     976ms] [INFO] Jul-30 20:02:24.635 [METRICS] Starting timers for metrics collection @ https://a.slack-edge.com/bv1-13-br/modern.vendor.8794e31bb8903f0e.min.js:3720
[     976ms] [WARNING] Jul-30 20:02:24.636 Couldn't complete metrics measurement for start mark 'navigationStart' @ https://a.slack-edge.com/bv1-13-br/modern.vendor.8794e31bb8903f0e.min.js:3720
[     995ms] [INFO] Jul-30 20:02:24.655 [INFO] running without a user @ https://a.slack-edge.com/bv1-13-br/modern.vendor.8794e31bb8903f0e.min.js:3720
[    1011ms] [INFO] Jul-30 20:02:24.671 [UFM-MEMBERS] (T023EV54RR7) requesting U07DB40NK51 (1) @ https://a.slack-edge.com/bv1-13-br/modern.vendor.8794e31bb8903f0e.min.js:3720
[    1012ms] [WARNING] Jul-30 20:02:24.672 TRACES You tried to get a team-specific tracer but didn’t provide enough context and are getting the generic tracer instead which is likely not what you want. @ https://a.slack-edge.com/bv1-13-br/modern.vendor.8794e31bb8903f0e.min.js:3720
[    1013ms] [WARNING] Jul-30 20:02:24.673 TRACES You tried to get a team-specific tracer but didn’t provide enough context and are getting the generic tracer instead which is likely not what you want. @ https://a.slack-edge.com/bv1-13-br/modern.vendor.8794e31bb8903f0e.min.js:3720
[    1014ms] [INFO] Jul-30 20:02:24.673 [API-Q] (T023EV54RR7) 2c20e962-1785434544.672 api.getFlannelHttpUrl called with reason: client-needs-valid-flannel-url @ https://a.slack-edge.com/bv1-13-br/modern.vendor.8794e31bb8903f0e.min.js:3720
[    1014ms] [INFO] Jul-30 20:02:24.673 [API-Q] (T023EV54RR7) 2c20e962-1785434544.672 api.getFlannelHttpUrl is ENQUEUED @ https://a.slack-edge.com/bv1-13-br/modern.vendor.8794e31bb8903f0e.min.js:3720
[    1015ms] [INFO] Jul-30 20:02:24.674 [UFM-TEAMS] (T023EV54RR7) requesting T023EV54RR7 (1) @ https://a.slack-edge.com/bv1-13-br/modern.vendor.8794e31bb8903f0e.min.js:3720
[    1015ms] [WARNING] Jul-30 20:02:24.675 TRACES You tried to get a team-specific tracer but didn’t provide enough context and are getting the generic tracer instead which is likely not what you want. @ https://a.slack-edge.com/bv1-13-br/modern.vendor.8794e31bb8903f0e.min.js:3720
[    1016ms] [WARNING] Jul-30 20:02:24.675 TRACES You tried to get a team-specific tracer but didn’t provide enough context and are getting the generic tracer instead which is likely not what you want. @ https://a.slack-edge.com/bv1-13-br/modern.vendor.8794e31bb8903f0e.min.js:3720
[    1016ms] [INFO] Jul-30 20:02:24.675 [API-Q] (T023EV54RR7) 2c20e962-1785434544.675 team.info called with reason: UnknownFetchManager @ https://a.slack-edge.com/bv1-13-br/modern.vendor.8794e31bb8903f0e.min.js:3720
[    1016ms] [INFO] Jul-30 20:02:24.676 [API-Q] (T023EV54RR7) 2c20e962-1785434544.675 team.info is ENQUEUED @ https://a.slack-edge.com/bv1-13-br/modern.vendor.8794e31bb8903f0e.min.js:3720
[    1023ms] [WARNING] Jul-30 20:02:24.683 TRACES You tried to get a team-specific tracer but didn’t provide enough context and are getting the generic tracer instead which is likely not what you want. @ https://a.slack-edge.com/bv1-13-br/modern.vendor.8794e31bb8903f0e.min.js:3720
[    1024ms] [WARNING] Jul-30 20:02:24.683 TRACES You tried to get a team-specific tracer but didn’t provide enough context and are getting the generic tracer instead which is likely not what you want. @ https://a.slack-edge.com/bv1-13-br/modern.vendor.8794e31bb8903f0e.min.js:3720
[    1024ms] [INFO] Jul-30 20:02:24.684 [API-Q] (T023EV54RR7) 2c20e962-1785434544.683 developer.apps.oauth.getTokens called with reason: install-on-team-token-fetcher @ https://a.slack-edge.com/bv1-13-br/modern.vendor.8794e31bb8903f0e.min.js:3720
[    1025ms] [INFO] Jul-30 20:02:24.684 [API-Q] (T023EV54RR7) 2c20e962-1785434544.683 developer.apps.oauth.getTokens is ENQUEUED @ https://a.slack-edge.com/bv1-13-br/modern.vendor.8794e31bb8903f0e.min.js:3720
[    1161ms] [INFO] Jul-30 20:02:24.820 [API-Q] (T023EV54RR7) 2c20e962-1785434544.672 api.getFlannelHttpUrl is ACTIVE @ https://a.slack-edge.com/bv1-13-br/modern.vendor.8794e31bb8903f0e.min.js:3720
[    1161ms] [INFO] Jul-30 20:02:24.821 [API-Q] (T023EV54RR7) 2c20e962-1785434544.675 team.info is ACTIVE @ https://a.slack-edge.com/bv1-13-br/modern.vendor.8794e31bb8903f0e.min.js:3720
[    1162ms] [INFO] Jul-30 20:02:24.821 [API-Q] (T023EV54RR7) 2c20e962-1785434544.683 developer.apps.oauth.getTokens is ACTIVE @ https://a.slack-edge.com/bv1-13-br/modern.vendor.8794e31bb8903f0e.min.js:3720
[    1290ms] [INFO] Jul-30 20:02:24.949 [API-Q] (T023EV54RR7) 2c20e962-1785434544.672 api.getFlannelHttpUrl is RESOLVED @ https://a.slack-edge.com/bv1-13-br/modern.vendor.8794e31bb8903f0e.min.js:3720
[    1291ms] [WARNING] Jul-30 20:02:24.951 TRACES You tried to get a team-specific tracer but didn’t provide enough context and are getting the generic tracer instead which is likely not what you want. @ https://a.slack-edge.com/bv1-13-br/modern.vendor.8794e31bb8903f0e.min.js:3720
[    1292ms] [WARNING] Jul-30 20:02:24.951 TRACES You tried to get a team-specific tracer but didn’t provide enough context and are getting the generic tracer instead which is likely not what you want. @ https://a.slack-edge.com/bv1-13-br/modern.vendor.8794e31bb8903f0e.min.js:3720
[    1292ms] [INFO] Jul-30 20:02:24.951 [API-Q] (T023EV54RR7) noversion-1785434544.951 Flannel users/info called with reason: flannel-call:users/info @ https://a.slack-edge.com/bv1-13-br/modern.vendor.8794e31bb8903f0e.min.js:3720
[    1292ms] [INFO] Jul-30 20:02:24.952 [API-Q] (T023EV54RR7) noversion-1785434544.951 Flannel users/info is ENQUEUED @ https://a.slack-edge.com/bv1-13-br/modern.vendor.8794e31bb8903f0e.min.js:3720
[    1293ms] [INFO] Jul-30 20:02:24.953 [API-Q] (T023EV54RR7) noversion-1785434544.951 Flannel users/info is ACTIVE @ https://a.slack-edge.com/bv1-13-br/modern.vendor.8794e31bb8903f0e.min.js:3720
[    1302ms] [INFO] Jul-30 20:02:24.962 [API-Q] (T023EV54RR7) 2c20e962-1785434544.675 team.info is RESOLVED @ https://a.slack-edge.com/bv1-13-br/modern.vendor.8794e31bb8903f0e.min.js:3720
[    1303ms] [INFO] Jul-30 20:02:24.962 [UFM-TEAMS] (T023EV54RR7) received T023EV54RR7 (1) @ https://a.slack-edge.com/bv1-13-br/modern.vendor.8794e31bb8903f0e.min.js:3720
[    1319ms] [INFO] Jul-30 20:02:24.978 [API-Q] (T023EV54RR7) 2c20e962-1785434544.683 developer.apps.oauth.getTokens is RESOLVED @ https://a.slack-edge.com/bv1-13-br/modern.vendor.8794e31bb8903f0e.min.js:3720
[    1335ms] [INFO] Jul-30 20:02:24.995 [API-Q] (T023EV54RR7) noversion-1785434544.951 Flannel users/info is RESOLVED @ https://a.slack-edge.com/bv1-13-br/modern.vendor.8794e31bb8903f0e.min.js:3720
[    1336ms] [INFO] Jul-30 20:02:24.995 [UFM-MEMBERS] (T023EV54RR7) received U07DB40NK51 (1) @ https://a.slack-edge.com/bv1-13-br/modern.vendor.8794e31bb8903f0e.min.js:3720
