[       3ms] [WARNING] Jul-30 20:01:12.263 Couldn't complete metrics measurement for start mark 'session_lifespan' @ https://a.slack-edge.com/bv1-13-br/gantry-v2-shared.180758f5a33ab48a.min.js?cacheKey=gantry-1785429457:0
[       3ms] [WARNING] Jul-30 20:01:12.263 Couldn't complete metrics measurement for start mark 'session_lifespan' @ https://a.slack-edge.com/bv1-13-br/gantry-v2-shared.180758f5a33ab48a.min.js?cacheKey=gantry-1785429457:0
[     631ms] [LOG] JQMIGRATE: Migrate is installed with logging active, version 3.4.0 @ https://a.slack-edge.com/bv1-13-br/rollup-core_required_libs.74a908cd0c361a51.min.js:128
[    1114ms] [INFO] Jul-30 20:01:13.374 [BOOT] booted! pri:0 version:1785429186 start_ms:1785434472826 (547ms ago) @ https://a.slack-edge.com/bv1-13-br/modern.vendor.8794e31bb8903f0e.min.js:3720
[    1120ms] [INFO] Jul-30 20:01:13.379 [TRACER] Tracing is not sampled by default for this session. @ https://a.slack-edge.com/bv1-13-br/modern.vendor.8794e31bb8903f0e.min.js:3720
[    1128ms] [VERBOSE] [DOM] Input elements should have autocomplete attributes (suggested: "new-password"): (More info: https://goo.gl/9p2vKq) @ https://api.slack.com/apps/A0B5MQSHE65/general:0
[    1128ms] [VERBOSE] [DOM] Input elements should have autocomplete attributes (suggested: "new-password"): (More info: https://goo.gl/9p2vKq) @ https://api.slack.com/apps/A0B5MQSHE65/general:0
[    1147ms] [INFO] Jul-30 20:01:13.407 [METRICS] Starting timers for metrics collection @ https://a.slack-edge.com/bv1-13-br/modern.vendor.8794e31bb8903f0e.min.js:3720
[    1148ms] [WARNING] Jul-30 20:01:13.407 Couldn't complete metrics measurement for start mark 'navigationStart' @ https://a.slack-edge.com/bv1-13-br/modern.vendor.8794e31bb8903f0e.min.js:3720
[    1168ms] [INFO] Jul-30 20:01:13.427 [INFO] running without a user @ https://a.slack-edge.com/bv1-13-br/modern.vendor.8794e31bb8903f0e.min.js:3720
[    1179ms] [INFO] Jul-30 20:01:13.438 [UFM-MEMBERS] (T023EV54RR7) requesting U07DB40NK51 (1) @ https://a.slack-edge.com/bv1-13-br/modern.vendor.8794e31bb8903f0e.min.js:3720
[    1179ms] [WARNING] Jul-30 20:01:13.439 TRACES You tried to get a team-specific tracer but didn’t provide enough context and are getting the generic tracer instead which is likely not what you want. @ https://a.slack-edge.com/bv1-13-br/modern.vendor.8794e31bb8903f0e.min.js:3720
[    1180ms] [WARNING] Jul-30 20:01:13.439 TRACES You tried to get a team-specific tracer but didn’t provide enough context and are getting the generic tracer instead which is likely not what you want. @ https://a.slack-edge.com/bv1-13-br/modern.vendor.8794e31bb8903f0e.min.js:3720
[    1180ms] [INFO] Jul-30 20:01:13.439 [API-Q] (T023EV54RR7) 2c20e962-1785434473.439 api.getFlannelHttpUrl called with reason: client-needs-valid-flannel-url @ https://a.slack-edge.com/bv1-13-br/modern.vendor.8794e31bb8903f0e.min.js:3720
[    1180ms] [INFO] Jul-30 20:01:13.440 [API-Q] (T023EV54RR7) 2c20e962-1785434473.439 api.getFlannelHttpUrl is ENQUEUED @ https://a.slack-edge.com/bv1-13-br/modern.vendor.8794e31bb8903f0e.min.js:3720
[    1181ms] [INFO] Jul-30 20:01:13.440 [UFM-TEAMS] (T023EV54RR7) requesting T023EV54RR7 (1) @ https://a.slack-edge.com/bv1-13-br/modern.vendor.8794e31bb8903f0e.min.js:3720
[    1181ms] [WARNING] Jul-30 20:01:13.441 TRACES You tried to get a team-specific tracer but didn’t provide enough context and are getting the generic tracer instead which is likely not what you want. @ https://a.slack-edge.com/bv1-13-br/modern.vendor.8794e31bb8903f0e.min.js:3720
[    1181ms] [WARNING] Jul-30 20:01:13.441 TRACES You tried to get a team-specific tracer but didn’t provide enough context and are getting the generic tracer instead which is likely not what you want. @ https://a.slack-edge.com/bv1-13-br/modern.vendor.8794e31bb8903f0e.min.js:3720
[    1182ms] [INFO] Jul-30 20:01:13.441 [API-Q] (T023EV54RR7) 2c20e962-1785434473.441 team.info called with reason: UnknownFetchManager @ https://a.slack-edge.com/bv1-13-br/modern.vendor.8794e31bb8903f0e.min.js:3720
[    1182ms] [INFO] Jul-30 20:01:13.441 [API-Q] (T023EV54RR7) 2c20e962-1785434473.441 team.info is ENQUEUED @ https://a.slack-edge.com/bv1-13-br/modern.vendor.8794e31bb8903f0e.min.js:3720
[    1188ms] [WARNING] Jul-30 20:01:13.447 TRACES You tried to get a team-specific tracer but didn’t provide enough context and are getting the generic tracer instead which is likely not what you want. @ https://a.slack-edge.com/bv1-13-br/modern.vendor.8794e31bb8903f0e.min.js:3720
[    1188ms] [WARNING] Jul-30 20:01:13.447 TRACES You tried to get a team-specific tracer but didn’t provide enough context and are getting the generic tracer instead which is likely not what you want. @ https://a.slack-edge.com/bv1-13-br/modern.vendor.8794e31bb8903f0e.min.js:3720
[    1188ms] [INFO] Jul-30 20:01:13.448 [API-Q] (T023EV54RR7) 2c20e962-1785434473.447 developer.apps.appLevelTokens.list called with reason: list_app_level_tokens @ https://a.slack-edge.com/bv1-13-br/modern.vendor.8794e31bb8903f0e.min.js:3720
[    1189ms] [INFO] Jul-30 20:01:13.448 [API-Q] (T023EV54RR7) 2c20e962-1785434473.447 developer.apps.appLevelTokens.list is ENQUEUED @ https://a.slack-edge.com/bv1-13-br/modern.vendor.8794e31bb8903f0e.min.js:3720
[    1244ms] [INFO] Jul-30 20:01:13.504 [API-Q] (T023EV54RR7) 2c20e962-1785434473.439 api.getFlannelHttpUrl is ACTIVE @ https://a.slack-edge.com/bv1-13-br/modern.vendor.8794e31bb8903f0e.min.js:3720
[    1245ms] [INFO] Jul-30 20:01:13.504 [API-Q] (T023EV54RR7) 2c20e962-1785434473.441 team.info is ACTIVE @ https://a.slack-edge.com/bv1-13-br/modern.vendor.8794e31bb8903f0e.min.js:3720
[    1245ms] [INFO] Jul-30 20:01:13.504 [API-Q] (T023EV54RR7) 2c20e962-1785434473.447 developer.apps.appLevelTokens.list is ACTIVE @ https://a.slack-edge.com/bv1-13-br/modern.vendor.8794e31bb8903f0e.min.js:3720
[    1408ms] [INFO] Jul-30 20:01:13.667 [API-Q] (T023EV54RR7) 2c20e962-1785434473.439 api.getFlannelHttpUrl is RESOLVED @ https://a.slack-edge.com/bv1-13-br/modern.vendor.8794e31bb8903f0e.min.js:3720
[    1409ms] [WARNING] Jul-30 20:01:13.668 TRACES You tried to get a team-specific tracer but didn’t provide enough context and are getting the generic tracer instead which is likely not what you want. @ https://a.slack-edge.com/bv1-13-br/modern.vendor.8794e31bb8903f0e.min.js:3720
[    1409ms] [WARNING] Jul-30 20:01:13.668 TRACES You tried to get a team-specific tracer but didn’t provide enough context and are getting the generic tracer instead which is likely not what you want. @ https://a.slack-edge.com/bv1-13-br/modern.vendor.8794e31bb8903f0e.min.js:3720
[    1409ms] [INFO] Jul-30 20:01:13.669 [API-Q] (T023EV54RR7) noversion-1785434473.668 Flannel users/info called with reason: flannel-call:users/info @ https://a.slack-edge.com/bv1-13-br/modern.vendor.8794e31bb8903f0e.min.js:3720
[    1409ms] [INFO] Jul-30 20:01:13.669 [API-Q] (T023EV54RR7) noversion-1785434473.668 Flannel users/info is ENQUEUED @ https://a.slack-edge.com/bv1-13-br/modern.vendor.8794e31bb8903f0e.min.js:3720
[    1410ms] [INFO] Jul-30 20:01:13.669 [API-Q] (T023EV54RR7) noversion-1785434473.668 Flannel users/info is ACTIVE @ https://a.slack-edge.com/bv1-13-br/modern.vendor.8794e31bb8903f0e.min.js:3720
[    1417ms] [INFO] Jul-30 20:01:13.676 [API-Q] (T023EV54RR7) 2c20e962-1785434473.441 team.info is RESOLVED @ https://a.slack-edge.com/bv1-13-br/modern.vendor.8794e31bb8903f0e.min.js:3720
[    1417ms] [INFO] Jul-30 20:01:13.676 [UFM-TEAMS] (T023EV54RR7) received T023EV54RR7 (1) @ https://a.slack-edge.com/bv1-13-br/modern.vendor.8794e31bb8903f0e.min.js:3720
[    1429ms] [INFO] Jul-30 20:01:13.689 [API-Q] (T023EV54RR7) 2c20e962-1785434473.447 developer.apps.appLevelTokens.list is RESOLVED @ https://a.slack-edge.com/bv1-13-br/modern.vendor.8794e31bb8903f0e.min.js:3720
[    1436ms] [INFO] Jul-30 20:01:13.696 [API-Q] (T023EV54RR7) noversion-1785434473.668 Flannel users/info is RESOLVED @ https://a.slack-edge.com/bv1-13-br/modern.vendor.8794e31bb8903f0e.min.js:3720
[    1437ms] [INFO] Jul-30 20:01:13.696 [UFM-MEMBERS] (T023EV54RR7) received U07DB40NK51 (1) @ https://a.slack-edge.com/bv1-13-br/modern.vendor.8794e31bb8903f0e.min.js:3720
